{
  "legacy": {
    "core": {
      "count": 120,
      "mean": 13.633251225110143,
      "p50": 13.608154491521418,
      "p95": 13.86901549412869,
      "p99": 13.996647852472961
    },
    "end_to_end": {
      "count": 120,
      "mean": 23.529349824336048,
      "p50": 22.575845010578632,
      "p95": 27.173836069414392,
      "p99": 32.30893867323176
    }
  },
  "stream_single": {
    "core": {
      "count": 120,
      "mean": 17.45216185033011,
      "p50": 17.451996507588774,
      "p95": 17.604738101363182,
      "p99": 17.65445817844011
    },
    "end_to_end": {
      "count": 120,
      "mean": 27.311498132379104,
      "p50": 26.70304401544854,
      "p95": 29.883164685452357,
      "p99": 34.556629112921655
    }
  },
  "stream_dual": {
    "core": {
      "count": 120,
      "mean": 17.94100016510735,
      "p50": 17.932310525793582,
      "p95": 18.109306157566607,
      "p99": 18.151855325559154
    },
    "end_to_end": {
      "count": 120,
      "mean": 27.407420962117612,
      "p50": 27.087386464700103,
      "p95": 29.11233254126273,
      "p99": 31.079971147701148
    }
  },
  "reference": {
    "core": {
      "count": 8,
      "mean": 19.761216128244996,
      "p50": 19.50742502231151,
      "p95": 21.69325147406198,
      "p99": 21.85699910041876
    },
    "end_to_end": {
      "count": 8,
      "mean": 25.470799359027296,
      "p50": 25.349574454594404,
      "p95": 26.07921590679325,
      "p99": 26.184026311384514
    }
  }
}
