{
  "legacy": {
    "core": {
      "count": 120,
      "mean": 13.033625845370503,
      "p50": 13.02893046522513,
      "p95": 13.222672801930457,
      "p99": 13.325346951605752
    },
    "end_to_end": {
      "count": 120,
      "mean": 22.264888258844923,
      "p50": 22.040994022972882,
      "p95": 24.063442688202485,
      "p99": 25.606723844539374
    }
  },
  "stream_single": {
    "core": {
      "count": 120,
      "mean": 9.641181537881494,
      "p50": 9.641934011597186,
      "p95": 9.744414163287729,
      "p99": 9.798025066265836
    },
    "end_to_end": {
      "count": 120,
      "mean": 18.737309271818958,
      "p50": 18.50407343590632,
      "p95": 20.837107562692836,
      "p99": 21.73323707538657
    }
  },
  "stream_dual": {
    "core": {
      "count": 120,
      "mean": 10.063611235818826,
      "p50": 10.051501507405192,
      "p95": 10.213369422126561,
      "p99": 10.347220021067187
    },
    "end_to_end": {
      "count": 120,
      "mean": 19.56176896443746,
      "p50": 19.1105404519476,
      "p95": 21.27365493797697,
      "p99": 22.969640338560566
    }
  }
}
