{
  "legacy": {
    "core": {
      "count": 120,
      "mean": 13.026586481525252,
      "p50": 12.98215298447758,
      "p95": 13.334396498976275,
      "p99": 13.532940052682534
    },
    "end_to_end": {
      "count": 120,
      "mean": 22.452746724593453,
      "p50": 21.734610956627876,
      "p95": 26.406326354481276,
      "p99": 31.562459063716233
    }
  },
  "stream_single": {
    "core": {
      "count": 120,
      "mean": 16.383348314169172,
      "p50": 16.359241504687816,
      "p95": 16.59353069262579,
      "p99": 16.660056746331975
    },
    "end_to_end": {
      "count": 120,
      "mean": 25.58433598508903,
      "p50": 25.396207987796515,
      "p95": 27.27489167591557,
      "p99": 28.027643328532577
    }
  },
  "reference": {
    "core": {
      "count": 8,
      "mean": 18.982691020937636,
      "p50": 18.811544054187834,
      "p95": 20.93230466125533,
      "p99": 21.12491046776995
    },
    "end_to_end": {
      "count": 8,
      "mean": 25.308594005764462,
      "p50": 24.400682537816465,
      "p95": 28.53976446785964,
      "p99": 29.026116012828425
    }
  }
}
