{"sampler_available_buckets": ["moving", "occluded", "uniform"], "weights": [0.5, 0.25, 0.25], "rank": 0}
Warp 1.17.0 initialized:
   CUDA Toolkit 12.9, Driver 13.0
   Devices:
     "cpu"      : "x86_64"
     "cuda:0"   : "NVIDIA H20" (95 GiB, sm_90, mempool enabled)
   Kernel cache:
     /root/.cache/warp/1.17.0
[__init__()] welcome
[__init__()] self.cfg: 
 lr: 0.0001
c_in: 6
zfar: .inf
debug: null
w_rot: 0.1
n_view: 1
run_id: null
use_BN: true
rot_rep: axis_angle
ckpt_dir: /mnt/why/dexycb_lip/third_party/FoundationPose/learning/training/../../weights/2023-10-28-18-33-37/model_best.pth
exp_name: 2023-10-28-18-33-37
save_dir: /tmp/2023-10-28-18-33-37/
loss_type: l2
optimizer: adam
trans_rep: tracknet
batch_size: 64
crop_ratio: 1.2
use_normal: false
BN_momentum: 0.1
max_num_key: null
warmup_step: -1
input_resize:
- 160
- 160
max_step_val: 1000
normal_uint8: false
vis_interval: 1000
weight_decay: 0
n_max_objects: null
normalize_xyz: true
clip_grad_norm: 'Infinity'
rot_normalizer: 0.3490658503988659
trans_normalizer:
- 0.019999999552965164
- 0.019999999552965164
- 0.05000000074505806
max_step_per_epoch: 25000
val_epoch_interval: 10
n_dataloader_workers: 60
enable_amp: true
use_mask: false

[__init__()] self.h5_file:
[__init__()] Using pretrained model from /mnt/why/dexycb_lip/third_party/FoundationPose/learning/training/../../weights/2023-10-28-18-33-37/model_best.pth
[__init__()] init done
Module Utils 65dffc6 load on device 'cuda:0' took 2.56 ms  (cached)
/usr/local/lib/python3.12/dist-packages/torch/__init__.py:1264: UserWarning: torch.set_default_tensor_type() is deprecated as of PyTorch 2.1, please use torch.set_default_dtype() and torch.set_default_device() as alternatives. (Triggered internally at /pytorch/torch/csrc/tensor/python_tensor.cpp:434.)
  _C._set_default_tensor_type(t)
/mnt/why/dexycb_lip/third_party/FoundationPose/learning/training/predict_pose_refine.py:190: FutureWarning: `torch.cuda.amp.autocast(args...)` is deprecated. Please use `torch.amp.autocast('cuda', args...)` instead.
  with torch.cuda.amp.autocast(enabled=self.amp):
{"rank": 0, "frames": 16, "total_owned": 538, "seconds": 96.12364768981934}
{"rank": 0, "frames": 32, "total_owned": 538, "seconds": 148.37188839912415}
{"rank": 0, "frames": 48, "total_owned": 538, "seconds": 165.0675413608551}
{"rank": 0, "frames": 64, "total_owned": 538, "seconds": 183.0884928703308}
{"rank": 0, "frames": 80, "total_owned": 538, "seconds": 194.26768255233765}
{"rank": 0, "frames": 96, "total_owned": 538, "seconds": 205.05507063865662}
{"rank": 0, "frames": 112, "total_owned": 538, "seconds": 214.99911522865295}
{"rank": 0, "frames": 128, "total_owned": 538, "seconds": 225.43573665618896}
{"rank": 0, "frames": 144, "total_owned": 538, "seconds": 237.3616864681244}
{"rank": 0, "frames": 160, "total_owned": 538, "seconds": 250.3717119693756}
{"rank": 0, "frames": 176, "total_owned": 538, "seconds": 262.5380907058716}
{"rank": 0, "frames": 192, "total_owned": 538, "seconds": 274.1992542743683}
{"rank": 0, "frames": 208, "total_owned": 538, "seconds": 285.06500816345215}
{"rank": 0, "frames": 224, "total_owned": 538, "seconds": 297.763710975647}
{"rank": 0, "frames": 240, "total_owned": 538, "seconds": 308.60172748565674}
{"rank": 0, "frames": 256, "total_owned": 538, "seconds": 320.97701692581177}
{"rank": 0, "frames": 272, "total_owned": 538, "seconds": 333.10025691986084}
{"rank": 0, "frames": 288, "total_owned": 538, "seconds": 342.74723505973816}
{"rank": 0, "frames": 304, "total_owned": 538, "seconds": 354.95552587509155}
{"rank": 0, "frames": 320, "total_owned": 538, "seconds": 366.0853612422943}
{"rank": 0, "frames": 336, "total_owned": 538, "seconds": 378.3141667842865}
{"rank": 0, "frames": 352, "total_owned": 538, "seconds": 389.92214846611023}
{"rank": 0, "frames": 368, "total_owned": 538, "seconds": 402.5193703174591}
{"rank": 0, "frames": 384, "total_owned": 538, "seconds": 414.97587180137634}
{"rank": 0, "frames": 400, "total_owned": 538, "seconds": 425.4795467853546}
{"rank": 0, "frames": 416, "total_owned": 538, "seconds": 437.3781623840332}
{"rank": 0, "frames": 432, "total_owned": 538, "seconds": 448.91568779945374}
{"rank": 0, "frames": 448, "total_owned": 538, "seconds": 459.3884379863739}
{"rank": 0, "frames": 464, "total_owned": 538, "seconds": 472.90070152282715}
{"rank": 0, "frames": 480, "total_owned": 538, "seconds": 490.04676032066345}
{"rank": 0, "frames": 496, "total_owned": 538, "seconds": 506.5751211643219}
{"rank": 0, "frames": 512, "total_owned": 538, "seconds": 522.3253247737885}
{"rank": 0, "frames": 528, "total_owned": 538, "seconds": 538.7504892349243}
