{"sampler_available_buckets": ["moving", "occluded", "uniform"], "weights": [0.5, 0.25, 0.25], "rank": 0}
Warp 1.17.0 initialized:
   CUDA Toolkit 12.9, Driver 13.0
   Devices:
     "cpu"      : "x86_64"
     "cuda:0"   : "NVIDIA H20" (95 GiB, sm_90, mempool enabled)
   Kernel cache:
     /root/.cache/warp/1.17.0
[__init__()] welcome
[__init__()] self.cfg: 
 lr: 0.0001
c_in: 6
zfar: .inf
debug: null
w_rot: 0.1
n_view: 1
run_id: null
use_BN: true
rot_rep: axis_angle
ckpt_dir: /mnt/why/dexycb_lip/third_party/FoundationPose/learning/training/../../weights/2023-10-28-18-33-37/model_best.pth
exp_name: 2023-10-28-18-33-37
save_dir: /tmp/2023-10-28-18-33-37/
loss_type: l2
optimizer: adam
trans_rep: tracknet
batch_size: 64
crop_ratio: 1.2
use_normal: false
BN_momentum: 0.1
max_num_key: null
warmup_step: -1
input_resize:
- 160
- 160
max_step_val: 1000
normal_uint8: false
vis_interval: 1000
weight_decay: 0
n_max_objects: null
normalize_xyz: true
clip_grad_norm: 'Infinity'
rot_normalizer: 0.3490658503988659
trans_normalizer:
- 0.019999999552965164
- 0.019999999552965164
- 0.05000000074505806
max_step_per_epoch: 25000
val_epoch_interval: 10
n_dataloader_workers: 60
enable_amp: true
use_mask: false

[__init__()] self.h5_file:
[__init__()] Using pretrained model from /mnt/why/dexycb_lip/third_party/FoundationPose/learning/training/../../weights/2023-10-28-18-33-37/model_best.pth
[__init__()] init done
Module Utils 65dffc6 load on device 'cuda:0' took 0.78 ms  (cached)
/usr/local/lib/python3.12/dist-packages/torch/__init__.py:1264: UserWarning: torch.set_default_tensor_type() is deprecated as of PyTorch 2.1, please use torch.set_default_dtype() and torch.set_default_device() as alternatives. (Triggered internally at /pytorch/torch/csrc/tensor/python_tensor.cpp:434.)
  _C._set_default_tensor_type(t)
/mnt/why/dexycb_lip/third_party/FoundationPose/learning/training/predict_pose_refine.py:190: FutureWarning: `torch.cuda.amp.autocast(args...)` is deprecated. Please use `torch.amp.autocast('cuda', args...)` instead.
  with torch.cuda.amp.autocast(enabled=self.amp):
{"rank": 3, "frames": 16, "total_owned": 538, "seconds": 76.12788438796997}
{"rank": 3, "frames": 32, "total_owned": 538, "seconds": 147.52497124671936}
{"rank": 3, "frames": 48, "total_owned": 538, "seconds": 169.06597232818604}
{"rank": 3, "frames": 64, "total_owned": 538, "seconds": 181.6480429172516}
{"rank": 3, "frames": 80, "total_owned": 538, "seconds": 198.84008479118347}
{"rank": 3, "frames": 96, "total_owned": 538, "seconds": 217.91734719276428}
{"rank": 3, "frames": 112, "total_owned": 538, "seconds": 227.95690083503723}
{"rank": 3, "frames": 128, "total_owned": 538, "seconds": 241.60653233528137}
{"rank": 3, "frames": 144, "total_owned": 538, "seconds": 254.8168487548828}
{"rank": 3, "frames": 160, "total_owned": 538, "seconds": 265.13641142845154}
{"rank": 3, "frames": 176, "total_owned": 538, "seconds": 276.7805845737457}
{"rank": 3, "frames": 192, "total_owned": 538, "seconds": 291.7347512245178}
{"rank": 3, "frames": 208, "total_owned": 538, "seconds": 302.91120314598083}
{"rank": 3, "frames": 224, "total_owned": 538, "seconds": 316.36043667793274}
{"rank": 3, "frames": 240, "total_owned": 538, "seconds": 327.22002243995667}
{"rank": 3, "frames": 256, "total_owned": 538, "seconds": 337.89370799064636}
{"rank": 3, "frames": 272, "total_owned": 538, "seconds": 348.98070454597473}
{"rank": 3, "frames": 288, "total_owned": 538, "seconds": 358.8213095664978}
{"rank": 3, "frames": 304, "total_owned": 538, "seconds": 370.9199414253235}
{"rank": 3, "frames": 320, "total_owned": 538, "seconds": 381.25551414489746}
{"rank": 3, "frames": 336, "total_owned": 538, "seconds": 392.29298639297485}
{"rank": 3, "frames": 352, "total_owned": 538, "seconds": 403.17403054237366}
{"rank": 3, "frames": 368, "total_owned": 538, "seconds": 414.9249732494354}
{"rank": 3, "frames": 384, "total_owned": 538, "seconds": 427.73894357681274}
{"rank": 3, "frames": 400, "total_owned": 538, "seconds": 438.3095893859863}
{"rank": 3, "frames": 416, "total_owned": 538, "seconds": 448.5161437988281}
{"rank": 3, "frames": 432, "total_owned": 538, "seconds": 459.27053785324097}
{"rank": 3, "frames": 448, "total_owned": 538, "seconds": 469.761883020401}
{"rank": 3, "frames": 464, "total_owned": 538, "seconds": 485.7434837818146}
{"rank": 3, "frames": 480, "total_owned": 538, "seconds": 505.13867235183716}
{"rank": 3, "frames": 496, "total_owned": 538, "seconds": 520.9428586959839}
{"rank": 3, "frames": 512, "total_owned": 538, "seconds": 536.213573217392}
{"rank": 3, "frames": 528, "total_owned": 538, "seconds": 554.9581797122955}
