Warp 1.17.0 initialized:
   CUDA Toolkit 12.9, Driver 13.0
   Devices:
     "cpu"      : "x86_64"
     "cuda:0"   : "NVIDIA H20" (95 GiB, sm_90, mempool enabled)
   Kernel cache:
     /root/.cache/warp/1.17.0
[__init__()] welcome
[__init__()] self.cfg: 
 lr: 0.0001
c_in: 6
zfar: .inf
debug: null
w_rot: 0.1
n_view: 1
run_id: null
use_BN: true
rot_rep: axis_angle
ckpt_dir: /mnt/why/dexycb_lip/third_party/FoundationPose/learning/training/../../weights/2023-10-28-18-33-37/model_best.pth
exp_name: 2023-10-28-18-33-37
save_dir: /tmp/2023-10-28-18-33-37/
loss_type: l2
optimizer: adam
trans_rep: tracknet
batch_size: 64
crop_ratio: 1.2
use_normal: false
BN_momentum: 0.1
max_num_key: null
warmup_step: -1
input_resize:
- 160
- 160
max_step_val: 1000
normal_uint8: false
vis_interval: 1000
weight_decay: 0
n_max_objects: null
normalize_xyz: true
clip_grad_norm: 'Infinity'
rot_normalizer: 0.3490658503988659
trans_normalizer:
- 0.019999999552965164
- 0.019999999552965164
- 0.05000000074505806
max_step_per_epoch: 25000
val_epoch_interval: 10
n_dataloader_workers: 60
enable_amp: true
use_mask: false

[__init__()] self.h5_file:
[__init__()] Using pretrained model from /mnt/why/dexycb_lip/third_party/FoundationPose/learning/training/../../weights/2023-10-28-18-33-37/model_best.pth
[__init__()] init done
{"sampler_available_buckets": ["moving", "occluded", "uniform"], "weights": [0.5, 0.25, 0.25], "rank": 0}
Module Utils 65dffc6 load on device 'cuda:0' took 0.73 ms  (cached)
/usr/local/lib/python3.12/dist-packages/torch/__init__.py:1264: UserWarning: torch.set_default_tensor_type() is deprecated as of PyTorch 2.1, please use torch.set_default_dtype() and torch.set_default_device() as alternatives. (Triggered internally at /pytorch/torch/csrc/tensor/python_tensor.cpp:434.)
  _C._set_default_tensor_type(t)
/mnt/why/dexycb_lip/third_party/FoundationPose/learning/training/predict_pose_refine.py:190: FutureWarning: `torch.cuda.amp.autocast(args...)` is deprecated. Please use `torch.amp.autocast('cuda', args...)` instead.
  with torch.cuda.amp.autocast(enabled=self.amp):
{
  "passed": true,
  "scope": "engineering-only probe; validated critic gradient probe; no production update",
  "actor_step": 20000,
  "batch": 32,
  "rollout": 4,
  "weight": 0.01,
  "peak_bytes": 22908137984,
  "critic_frozen": true,
  "fp_frozen": true,
  "values": {
    "loss": 0.14726326428353786,
    "translation": 0.016237942734733224,
    "rotation": 0.1377602070569992,
    "points": 0.06115079205483198,
    "pose_loss": 0.1462688334286213,
    "basin_loss": 0.09944297932088375,
    "update_rotation_rad": 0.1352079026401043,
    "update_center_norm": 0.15613862872123718,
    "render_time": 0.6749335749773309,
    "forward_time": 0.6482353968312964,
    "backward_time": 0.7118698599515483,
    "fp_transition_time": 84.97412086091936,
    "rotation_clipped": 0.01171875,
    "translation_clipped": 0.0
  },
  "gradient_diagnostic": {
    "pose_head_gradient_norm": 1.4588842391967773,
    "basin_head_gradient_norm": 0.6029589176177979,
    "weighted_gradient_ratio_at_0_01": 0.004133014008402824,
    "gradient_cosine": 0.03829346224665642
  }
}
