[Gloo] Rank [Gloo] Rank 2[Gloo] Rank 0[Gloo] Rank  is connected to 1[Gloo] Rank  is connected to 7[Gloo] Rank 3[Gloo] Rank  is connected to [Gloo] Rank 74 peer ranks. 5 is connected to 776 peer ranks.  is connected to Expected number of connected peer ranks is :  is connected to 7 is connected to  peer ranks.  is connected to Expected number of connected peer ranks is : 777 peer ranks. 7Expected number of connected peer ranks is : 77 peer ranks. 
 peer ranks. Expected number of connected peer ranks is :  peer ranks. 7 peer ranks. 
Expected number of connected peer ranks is : Expected number of connected peer ranks is : 7Expected number of connected peer ranks is : 
Expected number of connected peer ranks is : 77
77



{"environment": {"versions": {"torch": "2.8.0+cu128", "torchvision": "0.23.0+cu128", "numpy": "2.5.3", "scipy": "1.16.2", "trimesh": "5.1.0", "opencv-python-headless": "4.12.0.88", "PyYAML": "6.0.3", "pytest": "9.1.1", "nvdiffrast": "0.4.0", "tensorboard": "2.20.0"}, "cuda_runtime": "12.8", "gpus": [{"index": 0, "name": "NVIDIA H20", "total_bytes": 102085361664}, {"index": 1, "name": "NVIDIA H20", "total_bytes": 102085361664}, {"index": 2, "name": "NVIDIA H20", "total_bytes": 102085361664}, {"index": 3, "name": "NVIDIA H20", "total_bytes": 102085361664}, {"index": 4, "name": "NVIDIA H20", "total_bytes": 102085361664}, {"index": 5, "name": "NVIDIA H20", "total_bytes": 102085361664}, {"index": 6, "name": "NVIDIA H20", "total_bytes": 102085361664}, {"index": 7, "name": "NVIDIA H20", "total_bytes": 102085361664}], "cgroup_limits": {"cpu_quota_us": 12800000, "cpu_period_us": 100000, "memory_limit_bytes": 549755813888}, "driver": ["580.126.20", "580.126.20", "580.126.20", "580.126.20", "580.126.20", "580.126.20", "580.126.20", "580.126.20"], "cpu_affinity": 344, "cpu_count": 344, "disk": {"total": 599233837137920, "used": 484113789788160, "free": 115120047349760}, "bf16": true}}
{"resumed_step": 20000, "scheduler_step": 20000, "sampler_position": 20000, "rank": 4}
{"resumed_step": 20000, "scheduler_step": 20000, "sampler_position": 20000, "rank": 3}
{"resumed_step": 20000, "scheduler_step": 20000, "sampler_position": 20000, "rank": 6}
{"resumed_step": 20000, "scheduler_step": 20000, "sampler_position": 20000, "rank": 7}
{"resumed_step": 20000, "scheduler_step": 20000, "sampler_position": 20000, "rank": 2}
{"resumed_step": 20000, "scheduler_step": 20000, "sampler_position": 20000, "rank": 5}
{"resumed_step": 20000, "scheduler_step": 20000, "sampler_position": 20000, "rank": 1}
{"resumed_step": 20000, "scheduler_step": 20000, "sampler_position": 20000, "rank": 0}
{"sampler_available_buckets": ["moving", "occluded", "uniform"], "weights": [0.5, 0.25, 0.25], "rank": 4}
{"sampler_available_buckets": ["moving", "occluded", "uniform"], "weights": [0.5, 0.25, 0.25], "rank": 2}
{"sampler_available_buckets": ["moving", "occluded", "uniform"], "weights": [0.5, 0.25, 0.25], "rank": 1}
{"sampler_available_buckets": ["moving", "occluded", "uniform"], "weights": [0.5, 0.25, 0.25], "rank": 5}
{"sampler_available_buckets": ["moving", "occluded", "uniform"], "weights": [0.5, 0.25, 0.25], "rank": 0}
{"sampler_available_buckets": ["moving", "occluded", "uniform"], "weights": [0.5, 0.25, 0.25], "rank": 6}
{"sampler_available_buckets": ["moving", "occluded", "uniform"], "weights": [0.5, 0.25, 0.25], "rank": 3}
{"sampler_available_buckets": ["moving", "occluded", "uniform"], "weights": [0.5, 0.25, 0.25], "rank": 7}
Warp 1.17.0 initialized:
   CUDA Toolkit 12.9, Driver 13.0
   Devices:
     "cpu"      : "x86_64"
     "cuda:0"   : "NVIDIA H20" (95 GiB, sm_90, mempool enabled)
     "cuda:1"   : "NVIDIA H20" (95 GiB, sm_90, mempool enabled)
     "cuda:2"   : "NVIDIA H20" (95 GiB, sm_90, mempool enabled)
     "cuda:3"   : "NVIDIA H20" (95 GiB, sm_90, mempool enabled)
     "cuda:4"   : "NVIDIA H20" (95 GiB, sm_90, mempool enabled)
     "cuda:5"   : "NVIDIA H20" (95 GiB, sm_90, mempool enabled)
     "cuda:6"   : "NVIDIA H20" (95 GiB, sm_90, mempool enabled)
     "cuda:7"   : "NVIDIA H20" (95 GiB, sm_90, mempool enabled)
   CUDA peer access:
     Supported fully (all-directional)
   Kernel cache:
     /root/.cache/warp/1.17.0
[__init__()] welcome
[__init__()] self.cfg: 
 lr: 0.0001
c_in: 6
zfar: .inf
debug: null
w_rot: 0.1
n_view: 1
run_id: null
use_BN: true
rot_rep: axis_angle
ckpt_dir: /mnt/why/dexycb_lip/third_party/FoundationPose/learning/training/../../weights/2023-10-28-18-33-37/model_best.pth
exp_name: 2023-10-28-18-33-37
save_dir: /tmp/2023-10-28-18-33-37/
loss_type: l2
optimizer: adam
trans_rep: tracknet
batch_size: 64
crop_ratio: 1.2
use_normal: false
BN_momentum: 0.1
max_num_key: null
warmup_step: -1
input_resize:
- 160
- 160
max_step_val: 1000
normal_uint8: false
vis_interval: 1000
weight_decay: 0
n_max_objects: null
normalize_xyz: true
clip_grad_norm: 'Infinity'
rot_normalizer: 0.3490658503988659
trans_normalizer:
- 0.019999999552965164
- 0.019999999552965164
- 0.05000000074505806
max_step_per_epoch: 25000
val_epoch_interval: 10
n_dataloader_workers: 60
enable_amp: true
use_mask: false

[__init__()] self.h5_file:
Warp 1.17.0 initialized:
   CUDA Toolkit 12.9, Driver 13.0
   Devices:
     "cpu"      : "x86_64"
     "cuda:0"   : "NVIDIA H20" (95 GiB, sm_90, mempool enabled)
     "cuda:1"   : "NVIDIA H20" (95 GiB, sm_90, mempool enabled)
     "cuda:2"   : "NVIDIA H20" (95 GiB, sm_90, mempool enabled)
     "cuda:3"   : "NVIDIA H20" (95 GiB, sm_90, mempool enabled)
     "cuda:4"   : "NVIDIA H20" (95 GiB, sm_90, mempool enabled)
     "cuda:5"   : "NVIDIA H20" (95 GiB, sm_90, mempool enabled)
     "cuda:6"   : "NVIDIA H20" (95 GiB, sm_90, mempool enabled)
     "cuda:7"   : "NVIDIA H20" (95 GiB, sm_90, mempool enabled)
   CUDA peer access:
     Supported fully (all-directional)
   Kernel cache:
     /root/.cache/warp/1.17.0
[__init__()] Using pretrained model from /mnt/why/dexycb_lip/third_party/FoundationPose/learning/training/../../weights/2023-10-28-18-33-37/model_best.pth
[__init__()] welcome
[__init__()] self.cfg: 
 lr: 0.0001
c_in: 6
zfar: .inf
debug: null
w_rot: 0.1
n_view: 1
run_id: null
use_BN: true
rot_rep: axis_angle
ckpt_dir: /mnt/why/dexycb_lip/third_party/FoundationPose/learning/training/../../weights/2023-10-28-18-33-37/model_best.pth
exp_name: 2023-10-28-18-33-37
save_dir: /tmp/2023-10-28-18-33-37/
loss_type: l2
optimizer: adam
trans_rep: tracknet
batch_size: 64
crop_ratio: 1.2
use_normal: false
BN_momentum: 0.1
max_num_key: null
warmup_step: -1
input_resize:
- 160
- 160
max_step_val: 1000
normal_uint8: false
vis_interval: 1000
weight_decay: 0
n_max_objects: null
normalize_xyz: true
clip_grad_norm: 'Infinity'
rot_normalizer: 0.3490658503988659
trans_normalizer:
- 0.019999999552965164
- 0.019999999552965164
- 0.05000000074505806
max_step_per_epoch: 25000
val_epoch_interval: 10
n_dataloader_workers: 60
enable_amp: true
use_mask: false

[__init__()] self.h5_file:
Warp 1.17.0 initialized:
   CUDA Toolkit 12.9, Driver 13.0
   Devices:
     "cpu"      : "x86_64"
     "cuda:0"   : "NVIDIA H20" (95 GiB, sm_90, mempool enabled)
     "cuda:1"   : "NVIDIA H20" (95 GiB, sm_90, mempool enabled)
     "cuda:2"   : "NVIDIA H20" (95 GiB, sm_90, mempool enabled)
     "cuda:3"   : "NVIDIA H20" (95 GiB, sm_90, mempool enabled)
     "cuda:4"   : "NVIDIA H20" (95 GiB, sm_90, mempool enabled)
     "cuda:5"   : "NVIDIA H20" (95 GiB, sm_90, mempool enabled)
     "cuda:6"   : "NVIDIA H20" (95 GiB, sm_90, mempool enabled)
     "cuda:7"   : "NVIDIA H20" (95 GiB, sm_90, mempool enabled)
   CUDA peer access:
     Supported fully (all-directional)
   Kernel cache:
     /root/.cache/warp/1.17.0
[__init__()] Using pretrained model from /mnt/why/dexycb_lip/third_party/FoundationPose/learning/training/../../weights/2023-10-28-18-33-37/model_best.pth
[__init__()] welcome
[__init__()] self.cfg: 
 lr: 0.0001
c_in: 6
zfar: .inf
debug: null
w_rot: 0.1
n_view: 1
run_id: null
use_BN: true
rot_rep: axis_angle
ckpt_dir: /mnt/why/dexycb_lip/third_party/FoundationPose/learning/training/../../weights/2023-10-28-18-33-37/model_best.pth
exp_name: 2023-10-28-18-33-37
save_dir: /tmp/2023-10-28-18-33-37/
loss_type: l2
optimizer: adam
trans_rep: tracknet
batch_size: 64
crop_ratio: 1.2
use_normal: false
BN_momentum: 0.1
max_num_key: null
warmup_step: -1
input_resize:
- 160
- 160
max_step_val: 1000
normal_uint8: false
vis_interval: 1000
weight_decay: 0
n_max_objects: null
normalize_xyz: true
clip_grad_norm: 'Infinity'
rot_normalizer: 0.3490658503988659
trans_normalizer:
- 0.019999999552965164
- 0.019999999552965164
- 0.05000000074505806
max_step_per_epoch: 25000
val_epoch_interval: 10
n_dataloader_workers: 60
enable_amp: true
use_mask: false

[__init__()] self.h5_file:
[__init__()] init done
{"fp_refiner_sha256": "774700586ddc435d408fc01c9809c43e151232936369dfbea0f0f964ba471d60", "fp_frozen": true, "rank": 0}
{"basin_critic_frozen": true, "basin_checkpoint_sha256": "d984e7dec99239610b338d53130c130a02eab9dfe3ac519ee4dade8615615a9a", "basin_quality_policy": "validated", "rank": 0}
[__init__()] Using pretrained model from /mnt/why/dexycb_lip/third_party/FoundationPose/learning/training/../../weights/2023-10-28-18-33-37/model_best.pth
Warp 1.17.0 initialized:
   CUDA Toolkit 12.9, Driver 13.0
   Devices:
     "cpu"      : "x86_64"
     "cuda:0"   : "NVIDIA H20" (95 GiB, sm_90, mempool enabled)
     "cuda:1"   : "NVIDIA H20" (95 GiB, sm_90, mempool enabled)
     "cuda:2"   : "NVIDIA H20" (95 GiB, sm_90, mempool enabled)
     "cuda:3"   : "NVIDIA H20" (95 GiB, sm_90, mempool enabled)
     "cuda:4"   : "NVIDIA H20" (95 GiB, sm_90, mempool enabled)
     "cuda:5"   : "NVIDIA H20" (95 GiB, sm_90, mempool enabled)
     "cuda:6"   : "NVIDIA H20" (95 GiB, sm_90, mempool enabled)
     "cuda:7"   : "NVIDIA H20" (95 GiB, sm_90, mempool enabled)
   CUDA peer access:
     Supported fully (all-directional)
   Kernel cache:
     /root/.cache/warp/1.17.0
[__init__()] welcome
[__init__()] self.cfg: 
 lr: 0.0001
c_in: 6
zfar: .inf
debug: null
w_rot: 0.1
n_view: 1
run_id: null
use_BN: true
rot_rep: axis_angle
ckpt_dir: /mnt/why/dexycb_lip/third_party/FoundationPose/learning/training/../../weights/2023-10-28-18-33-37/model_best.pth
exp_name: 2023-10-28-18-33-37
save_dir: /tmp/2023-10-28-18-33-37/
loss_type: l2
optimizer: adam
trans_rep: tracknet
batch_size: 64
crop_ratio: 1.2
use_normal: false
BN_momentum: 0.1
max_num_key: null
warmup_step: -1
input_resize:
- 160
- 160
max_step_val: 1000
normal_uint8: false
vis_interval: 1000
weight_decay: 0
n_max_objects: null
normalize_xyz: true
clip_grad_norm: 'Infinity'
rot_normalizer: 0.3490658503988659
trans_normalizer:
- 0.019999999552965164
- 0.019999999552965164
- 0.05000000074505806
max_step_per_epoch: 25000
val_epoch_interval: 10
n_dataloader_workers: 60
enable_amp: true
use_mask: false

[__init__()] self.h5_file:
Warp 1.17.0 initialized:
   CUDA Toolkit 12.9, Driver 13.0
   Devices:
     "cpu"      : "x86_64"
     "cuda:0"   : "NVIDIA H20" (95 GiB, sm_90, mempool enabled)
     "cuda:1"   : "NVIDIA H20" (95 GiB, sm_90, mempool enabled)
     "cuda:2"   : "NVIDIA H20" (95 GiB, sm_90, mempool enabled)
     "cuda:3"   : "NVIDIA H20" (95 GiB, sm_90, mempool enabled)
     "cuda:4"   : "NVIDIA H20" (95 GiB, sm_90, mempool enabled)
     "cuda:5"   : "NVIDIA H20" (95 GiB, sm_90, mempool enabled)
     "cuda:6"   : "NVIDIA H20" (95 GiB, sm_90, mempool enabled)
     "cuda:7"   : "NVIDIA H20" (95 GiB, sm_90, mempool enabled)
   CUDA peer access:
     Supported fully (all-directional)
   Kernel cache:
     /root/.cache/warp/1.17.0
[__init__()] Using pretrained model from /mnt/why/dexycb_lip/third_party/FoundationPose/learning/training/../../weights/2023-10-28-18-33-37/model_best.pth
[__init__()] welcome
[__init__()] self.cfg: 
 lr: 0.0001
c_in: 6
zfar: .inf
debug: null
w_rot: 0.1
n_view: 1
run_id: null
use_BN: true
rot_rep: axis_angle
ckpt_dir: /mnt/why/dexycb_lip/third_party/FoundationPose/learning/training/../../weights/2023-10-28-18-33-37/model_best.pth
exp_name: 2023-10-28-18-33-37
save_dir: /tmp/2023-10-28-18-33-37/
loss_type: l2
optimizer: adam
trans_rep: tracknet
batch_size: 64
crop_ratio: 1.2
use_normal: false
BN_momentum: 0.1
max_num_key: null
warmup_step: -1
input_resize:
- 160
- 160
max_step_val: 1000
normal_uint8: false
vis_interval: 1000
weight_decay: 0
n_max_objects: null
normalize_xyz: true
clip_grad_norm: 'Infinity'
rot_normalizer: 0.3490658503988659
trans_normalizer:
- 0.019999999552965164
- 0.019999999552965164
- 0.05000000074505806
max_step_per_epoch: 25000
val_epoch_interval: 10
n_dataloader_workers: 60
enable_amp: true
use_mask: false

[__init__()] self.h5_file:
[__init__()] Using pretrained model from /mnt/why/dexycb_lip/third_party/FoundationPose/learning/training/../../weights/2023-10-28-18-33-37/model_best.pth
Warp 1.17.0 initialized:
   CUDA Toolkit 12.9, Driver 13.0
   Devices:
     "cpu"      : "x86_64"
     "cuda:0"   : "NVIDIA H20" (95 GiB, sm_90, mempool enabled)
     "cuda:1"   : "NVIDIA H20" (95 GiB, sm_90, mempool enabled)
     "cuda:2"   : "NVIDIA H20" (95 GiB, sm_90, mempool enabled)
     "cuda:3"   : "NVIDIA H20" (95 GiB, sm_90, mempool enabled)
     "cuda:4"   : "NVIDIA H20" (95 GiB, sm_90, mempool enabled)
     "cuda:5"   : "NVIDIA H20" (95 GiB, sm_90, mempool enabled)
     "cuda:6"   : "NVIDIA H20" (95 GiB, sm_90, mempool enabled)
     "cuda:7"   : "NVIDIA H20" (95 GiB, sm_90, mempool enabled)
   CUDA peer access:
     Supported fully (all-directional)
   Kernel cache:
     /root/.cache/warp/1.17.0
[__init__()] welcome
[__init__()] self.cfg: 
 lr: 0.0001
c_in: 6
zfar: .inf
debug: null
w_rot: 0.1
n_view: 1
run_id: null
use_BN: true
rot_rep: axis_angle
ckpt_dir: /mnt/why/dexycb_lip/third_party/FoundationPose/learning/training/../../weights/2023-10-28-18-33-37/model_best.pth
exp_name: 2023-10-28-18-33-37
save_dir: /tmp/2023-10-28-18-33-37/
loss_type: l2
optimizer: adam
trans_rep: tracknet
batch_size: 64
crop_ratio: 1.2
use_normal: false
BN_momentum: 0.1
max_num_key: null
warmup_step: -1
input_resize:
- 160
- 160
max_step_val: 1000
normal_uint8: false
vis_interval: 1000
weight_decay: 0
n_max_objects: null
normalize_xyz: true
clip_grad_norm: 'Infinity'
rot_normalizer: 0.3490658503988659
trans_normalizer:
- 0.019999999552965164
- 0.019999999552965164
- 0.05000000074505806
max_step_per_epoch: 25000
val_epoch_interval: 10
n_dataloader_workers: 60
enable_amp: true
use_mask: false

[__init__()] self.h5_file:
[__init__()] Using pretrained model from /mnt/why/dexycb_lip/third_party/FoundationPose/learning/training/../../weights/2023-10-28-18-33-37/model_best.pth
[__init__()] init done
{"fp_refiner_sha256": "774700586ddc435d408fc01c9809c43e151232936369dfbea0f0f964ba471d60", "fp_frozen": true, "rank": 4}
{"basin_critic_frozen": true, "basin_checkpoint_sha256": "d984e7dec99239610b338d53130c130a02eab9dfe3ac519ee4dade8615615a9a", "basin_quality_policy": "validated", "rank": 4}
Warp 1.17.0 initialized:
   CUDA Toolkit 12.9, Driver 13.0
   Devices:
     "cpu"      : "x86_64"
     "cuda:0"   : "NVIDIA H20" (95 GiB, sm_90, mempool enabled)
     "cuda:1"   : "NVIDIA H20" (95 GiB, sm_90, mempool enabled)
     "cuda:2"   : "NVIDIA H20" (95 GiB, sm_90, mempool enabled)
     "cuda:3"   : "NVIDIA H20" (95 GiB, sm_90, mempool enabled)
     "cuda:4"   : "NVIDIA H20" (95 GiB, sm_90, mempool enabled)
     "cuda:5"   : "NVIDIA H20" (95 GiB, sm_90, mempool enabled)
     "cuda:6"   : "NVIDIA H20" (95 GiB, sm_90, mempool enabled)
     "cuda:7"   : "NVIDIA H20" (95 GiB, sm_90, mempool enabled)
   CUDA peer access:
     Supported fully (all-directional)
   Kernel cache:
     /root/.cache/warp/1.17.0
[__init__()] welcome
[__init__()] self.cfg: 
 lr: 0.0001
c_in: 6
zfar: .inf
debug: null
w_rot: 0.1
n_view: 1
run_id: null
use_BN: true
rot_rep: axis_angle
ckpt_dir: /mnt/why/dexycb_lip/third_party/FoundationPose/learning/training/../../weights/2023-10-28-18-33-37/model_best.pth
exp_name: 2023-10-28-18-33-37
save_dir: /tmp/2023-10-28-18-33-37/
loss_type: l2
optimizer: adam
trans_rep: tracknet
batch_size: 64
crop_ratio: 1.2
use_normal: false
BN_momentum: 0.1
max_num_key: null
warmup_step: -1
input_resize:
- 160
- 160
max_step_val: 1000
normal_uint8: false
vis_interval: 1000
weight_decay: 0
n_max_objects: null
normalize_xyz: true
clip_grad_norm: 'Infinity'
rot_normalizer: 0.3490658503988659
trans_normalizer:
- 0.019999999552965164
- 0.019999999552965164
- 0.05000000074505806
max_step_per_epoch: 25000
val_epoch_interval: 10
n_dataloader_workers: 60
enable_amp: true
use_mask: false

[__init__()] self.h5_file:
[__init__()] init done
{"fp_refiner_sha256": "774700586ddc435d408fc01c9809c43e151232936369dfbea0f0f964ba471d60", "fp_frozen": true, "rank": 6}
[__init__()] init done
{"basin_critic_frozen": true, "basin_checkpoint_sha256": "d984e7dec99239610b338d53130c130a02eab9dfe3ac519ee4dade8615615a9a", "basin_quality_policy": "validated", "rank": 6}
{"fp_refiner_sha256": "774700586ddc435d408fc01c9809c43e151232936369dfbea0f0f964ba471d60", "fp_frozen": true, "rank": 3}
{"basin_critic_frozen": true, "basin_checkpoint_sha256": "d984e7dec99239610b338d53130c130a02eab9dfe3ac519ee4dade8615615a9a", "basin_quality_policy": "validated", "rank": 3}
[__init__()] init done
{"fp_refiner_sha256": "774700586ddc435d408fc01c9809c43e151232936369dfbea0f0f964ba471d60", "fp_frozen": true, "rank": 5}
{"basin_critic_frozen": true, "basin_checkpoint_sha256": "d984e7dec99239610b338d53130c130a02eab9dfe3ac519ee4dade8615615a9a", "basin_quality_policy": "validated", "rank": 5}
[__init__()] Using pretrained model from /mnt/why/dexycb_lip/third_party/FoundationPose/learning/training/../../weights/2023-10-28-18-33-37/model_best.pth
Warp 1.17.0 initialized:
   CUDA Toolkit 12.9, Driver 13.0
   Devices:
     "cpu"      : "x86_64"
     "cuda:0"   : "NVIDIA H20" (95 GiB, sm_90, mempool enabled)
     "cuda:1"   : "NVIDIA H20" (95 GiB, sm_90, mempool enabled)
     "cuda:2"   : "NVIDIA H20" (95 GiB, sm_90, mempool enabled)
     "cuda:3"   : "NVIDIA H20" (95 GiB, sm_90, mempool enabled)
     "cuda:4"   : "NVIDIA H20" (95 GiB, sm_90, mempool enabled)
     "cuda:5"   : "NVIDIA H20" (95 GiB, sm_90, mempool enabled)
     "cuda:6"   : "NVIDIA H20" (95 GiB, sm_90, mempool enabled)
     "cuda:7"   : "NVIDIA H20" (95 GiB, sm_90, mempool enabled)
   CUDA peer access:
     Supported fully (all-directional)
   Kernel cache:
     /root/.cache/warp/1.17.0
[__init__()] init done
{"fp_refiner_sha256": "774700586ddc435d408fc01c9809c43e151232936369dfbea0f0f964ba471d60", "fp_frozen": true, "rank": 2}
{"basin_critic_frozen": true, "basin_checkpoint_sha256": "d984e7dec99239610b338d53130c130a02eab9dfe3ac519ee4dade8615615a9a", "basin_quality_policy": "validated", "rank": 2}
[__init__()] welcome
[__init__()] self.cfg: 
 lr: 0.0001
c_in: 6
zfar: .inf
debug: null
w_rot: 0.1
n_view: 1
run_id: null
use_BN: true
rot_rep: axis_angle
ckpt_dir: /mnt/why/dexycb_lip/third_party/FoundationPose/learning/training/../../weights/2023-10-28-18-33-37/model_best.pth
exp_name: 2023-10-28-18-33-37
save_dir: /tmp/2023-10-28-18-33-37/
loss_type: l2
optimizer: adam
trans_rep: tracknet
batch_size: 64
crop_ratio: 1.2
use_normal: false
BN_momentum: 0.1
max_num_key: null
warmup_step: -1
input_resize:
- 160
- 160
max_step_val: 1000
normal_uint8: false
vis_interval: 1000
weight_decay: 0
n_max_objects: null
normalize_xyz: true
clip_grad_norm: 'Infinity'
rot_normalizer: 0.3490658503988659
trans_normalizer:
- 0.019999999552965164
- 0.019999999552965164
- 0.05000000074505806
max_step_per_epoch: 25000
val_epoch_interval: 10
n_dataloader_workers: 60
enable_amp: true
use_mask: false

[__init__()] self.h5_file:
[__init__()] Using pretrained model from /mnt/why/dexycb_lip/third_party/FoundationPose/learning/training/../../weights/2023-10-28-18-33-37/model_best.pth
[__init__()] init done
{"fp_refiner_sha256": "774700586ddc435d408fc01c9809c43e151232936369dfbea0f0f964ba471d60", "fp_frozen": true, "rank": 7}
{"basin_critic_frozen": true, "basin_checkpoint_sha256": "d984e7dec99239610b338d53130c130a02eab9dfe3ac519ee4dade8615615a9a", "basin_quality_policy": "validated", "rank": 7}
[__init__()] init done
{"fp_refiner_sha256": "774700586ddc435d408fc01c9809c43e151232936369dfbea0f0f964ba471d60", "fp_frozen": true, "rank": 1}
{"basin_critic_frozen": true, "basin_checkpoint_sha256": "d984e7dec99239610b338d53130c130a02eab9dfe3ac519ee4dade8615615a9a", "basin_quality_policy": "validated", "rank": 1}
Module Utils 65dffc6 load on device 'cuda:3' took 0.77 ms  (cached)
/usr/local/lib/python3.12/dist-packages/torch/__init__.py:1264: UserWarning: torch.set_default_tensor_type() is deprecated as of PyTorch 2.1, please use torch.set_default_dtype() and torch.set_default_device() as alternatives. (Triggered internally at /pytorch/torch/csrc/tensor/python_tensor.cpp:434.)
  _C._set_default_tensor_type(t)
/mnt/why/dexycb_lip/third_party/FoundationPose/learning/training/predict_pose_refine.py:190: FutureWarning: `torch.cuda.amp.autocast(args...)` is deprecated. Please use `torch.amp.autocast('cuda', args...)` instead.
  with torch.cuda.amp.autocast(enabled=self.amp):
Module Utils 65dffc6 load on device 'cuda:1' took 0.79 ms  (cached)
/usr/local/lib/python3.12/dist-packages/torch/__init__.py:1264: UserWarning: torch.set_default_tensor_type() is deprecated as of PyTorch 2.1, please use torch.set_default_dtype() and torch.set_default_device() as alternatives. (Triggered internally at /pytorch/torch/csrc/tensor/python_tensor.cpp:434.)
  _C._set_default_tensor_type(t)
/mnt/why/dexycb_lip/third_party/FoundationPose/learning/training/predict_pose_refine.py:190: FutureWarning: `torch.cuda.amp.autocast(args...)` is deprecated. Please use `torch.amp.autocast('cuda', args...)` instead.
  with torch.cuda.amp.autocast(enabled=self.amp):
Module Utils 65dffc6 load on device 'cuda:5' took 0.81 ms  (cached)
/usr/local/lib/python3.12/dist-packages/torch/__init__.py:1264: UserWarning: torch.set_default_tensor_type() is deprecated as of PyTorch 2.1, please use torch.set_default_dtype() and torch.set_default_device() as alternatives. (Triggered internally at /pytorch/torch/csrc/tensor/python_tensor.cpp:434.)
  _C._set_default_tensor_type(t)
/mnt/why/dexycb_lip/third_party/FoundationPose/learning/training/predict_pose_refine.py:190: FutureWarning: `torch.cuda.amp.autocast(args...)` is deprecated. Please use `torch.amp.autocast('cuda', args...)` instead.
  with torch.cuda.amp.autocast(enabled=self.amp):
Module Utils 65dffc6 load on device 'cuda:7' took 0.97 ms  (cached)
/usr/local/lib/python3.12/dist-packages/torch/__init__.py:1264: UserWarning: torch.set_default_tensor_type() is deprecated as of PyTorch 2.1, please use torch.set_default_dtype() and torch.set_default_device() as alternatives. (Triggered internally at /pytorch/torch/csrc/tensor/python_tensor.cpp:434.)
  _C._set_default_tensor_type(t)
/mnt/why/dexycb_lip/third_party/FoundationPose/learning/training/predict_pose_refine.py:190: FutureWarning: `torch.cuda.amp.autocast(args...)` is deprecated. Please use `torch.amp.autocast('cuda', args...)` instead.
  with torch.cuda.amp.autocast(enabled=self.amp):
Module Utils 65dffc6 load on device 'cuda:4' took 0.74 ms  (cached)
/usr/local/lib/python3.12/dist-packages/torch/__init__.py:1264: UserWarning: torch.set_default_tensor_type() is deprecated as of PyTorch 2.1, please use torch.set_default_dtype() and torch.set_default_device() as alternatives. (Triggered internally at /pytorch/torch/csrc/tensor/python_tensor.cpp:434.)
  _C._set_default_tensor_type(t)
/mnt/why/dexycb_lip/third_party/FoundationPose/learning/training/predict_pose_refine.py:190: FutureWarning: `torch.cuda.amp.autocast(args...)` is deprecated. Please use `torch.amp.autocast('cuda', args...)` instead.
  with torch.cuda.amp.autocast(enabled=self.amp):
Module Utils 65dffc6 load on device 'cuda:0' took 0.88 ms  (cached)
/usr/local/lib/python3.12/dist-packages/torch/__init__.py:1264: UserWarning: torch.set_default_tensor_type() is deprecated as of PyTorch 2.1, please use torch.set_default_dtype() and torch.set_default_device() as alternatives. (Triggered internally at /pytorch/torch/csrc/tensor/python_tensor.cpp:434.)
  _C._set_default_tensor_type(t)
/mnt/why/dexycb_lip/third_party/FoundationPose/learning/training/predict_pose_refine.py:190: FutureWarning: `torch.cuda.amp.autocast(args...)` is deprecated. Please use `torch.amp.autocast('cuda', args...)` instead.
  with torch.cuda.amp.autocast(enabled=self.amp):
Module Utils 65dffc6 load on device 'cuda:6' took 0.90 ms  (cached)
/usr/local/lib/python3.12/dist-packages/torch/__init__.py:1264: UserWarning: torch.set_default_tensor_type() is deprecated as of PyTorch 2.1, please use torch.set_default_dtype() and torch.set_default_device() as alternatives. (Triggered internally at /pytorch/torch/csrc/tensor/python_tensor.cpp:434.)
  _C._set_default_tensor_type(t)
/mnt/why/dexycb_lip/third_party/FoundationPose/learning/training/predict_pose_refine.py:190: FutureWarning: `torch.cuda.amp.autocast(args...)` is deprecated. Please use `torch.amp.autocast('cuda', args...)` instead.
  with torch.cuda.amp.autocast(enabled=self.amp):
Module Utils 65dffc6 load on device 'cuda:2' took 0.89 ms  (cached)
/usr/local/lib/python3.12/dist-packages/torch/__init__.py:1264: UserWarning: torch.set_default_tensor_type() is deprecated as of PyTorch 2.1, please use torch.set_default_dtype() and torch.set_default_device() as alternatives. (Triggered internally at /pytorch/torch/csrc/tensor/python_tensor.cpp:434.)
  _C._set_default_tensor_type(t)
/mnt/why/dexycb_lip/third_party/FoundationPose/learning/training/predict_pose_refine.py:190: FutureWarning: `torch.cuda.amp.autocast(args...)` is deprecated. Please use `torch.amp.autocast('cuda', args...)` instead.
  with torch.cuda.amp.autocast(enabled=self.amp):
{"loss": 0.1231665126979351, "translation": 0.013286148896440864, "rotation": 0.11444412171840668, "points": 0.052658299915492535, "update_rotation_rad": 0.1338960099965334, "update_center_norm": 0.09648441709578037, "render_time": 1.9935647200327367, "forward_time": 1.042280329973437, "backward_time": 22.121788794873282, "fp_transition_time": 80.97291056939866, "rotation_clipped": 0.00390625, "translation_clipped": 0.0, "data_time": 3.2111284650163725, "step": 20001, "rank": 0, "run_id": "basin_boundary_v3", "rollout": 4, "history_mode": "lip_fp", "history_probs": [0.3904761904761905, 0.29523809523809524, 0.3142857142857143], "basin_weight": 0.0, "grad_norm": 1.422214388847351, "scheduler_step": 20001, "sampler_position": 20001, "samples_seen": 5120256, "effective_batch": 256, "clips_per_sec": 0.289875547290115, "observed_frames_per_sec": 9.27601751328368, "peak_memory_bytes": 22876581888, "elapsed": 110.3922020989703, "nonfinite_count": 0, "lrs": [5.87123629332048e-05, 5.87123629332048e-06, 5.87123629332048e-06, 5.87123629332048e-05]}
{"loss": 0.09098068624734879, "translation": 0.007031562738120556, "rotation": 0.09433230198919773, "points": 0.0367822740226984, "pose_loss": 0.09097998216748238, "basin_loss": 0.07034270092844963, "update_rotation_rad": 0.06568273156881332, "update_center_norm": 0.05824625492095947, "render_time": 0.44206996681168675, "forward_time": 0.33660606609191746, "backward_time": 0.6228387340670452, "fp_transition_time": 0.0, "rotation_clipped": 0.0, "translation_clipped": 0.03515625, "data_time": 0.0006190610583871603, "step": 20002, "rank": 0, "run_id": "basin_boundary_v3", "rollout": 4, "history_mode": "lip_only", "history_probs": [0.3904666666666667, 0.29523333333333335, 0.3143], "basin_weight": 1e-05, "grad_norm": 0.55609530210495, "scheduler_step": 20002, "sampler_position": 20002, "samples_seen": 5120512, "effective_batch": 256, "clips_per_sec": 22.230195776043775, "observed_frames_per_sec": 711.3662648334008, "peak_memory_bytes": 22876581888, "elapsed": 1.4394834990380332, "nonfinite_count": 0, "lrs": [5.870865529478098e-05, 5.870865529478098e-06, 5.870865529478098e-06, 5.870865529478098e-05]}
{"loss": 0.09633585810661316, "translation": 0.008528632344678044, "rotation": 0.09812871739268303, "points": 0.03874154854565859, "pose_loss": 0.0963345393538475, "basin_loss": 0.0660038786008954, "update_rotation_rad": 0.11218131519854069, "update_center_norm": 0.09477254562079906, "render_time": 0.439429513993673, "forward_time": 0.3344666438642889, "backward_time": 0.6265060069272295, "fp_transition_time": 0.0, "rotation_clipped": 0.0, "translation_clipped": 0.0, "data_time": 0.0006802579155191779, "step": 20003, "rank": 0, "run_id": "basin_boundary_v3", "rollout": 4, "history_mode": "lip_only", "history_probs": [0.3904571428571429, 0.2952285714285714, 0.3143142857142857], "basin_weight": 2e-05, "grad_norm": 0.43558818101882935, "scheduler_step": 20003, "sampler_position": 20003, "samples_seen": 5120768, "effective_batch": 256, "clips_per_sec": 22.233556086404533, "observed_frames_per_sec": 711.4737947649451, "peak_memory_bytes": 22876581888, "elapsed": 1.4392659399891272, "nonfinite_count": 0, "lrs": [5.8704947631008845e-05, 5.870494763100885e-06, 5.870494763100885e-06, 5.8704947631008845e-05]}
{"loss": 0.09631926193833351, "translation": 0.009895404800772667, "rotation": 0.09002553671598434, "points": 0.04140881076455116, "pose_loss": 0.09631698578596115, "basin_loss": 0.0758916363120079, "update_rotation_rad": 0.10432721674442291, "update_center_norm": 0.09197825752198696, "render_time": 0.5475779119879007, "forward_time": 0.3365190331824124, "backward_time": 0.710898592020385, "fp_transition_time": 0.0, "rotation_clipped": 0.0, "translation_clipped": 0.0, "data_time": 0.0006086149951443076, "step": 20004, "rank": 0, "run_id": "basin_boundary_v3", "rollout": 4, "history_mode": "noisy_gt", "history_probs": [0.3904476190476191, 0.29522380952380955, 0.31432857142857146], "basin_weight": 3e-05, "grad_norm": 0.958439290523529, "scheduler_step": 20004, "sampler_position": 20004, "samples_seen": 5121024, "effective_batch": 256, "clips_per_sec": 19.582579677082606, "observed_frames_per_sec": 626.6425496666434, "peak_memory_bytes": 22876581888, "elapsed": 1.6341054410440847, "nonfinite_count": 0, "lrs": [5.8701239941913736e-05, 5.870123994191373e-06, 5.870123994191373e-06, 5.8701239941913736e-05]}
{"loss": 0.09281373396515846, "translation": 0.008559221751056612, "rotation": 0.09263131022453308, "points": 0.03793555684387684, "pose_loss": 0.09281043708324432, "basin_loss": 0.08243157900869846, "update_rotation_rad": 0.12978358753025532, "update_center_norm": 0.1153157651424408, "render_time": 0.5544437738135457, "forward_time": 0.3386134500615299, "backward_time": 0.6665989588946104, "fp_transition_time": 0.0, "rotation_clipped": 0.00390625, "translation_clipped": 0.00390625, "data_time": 0.0006677999626845121, "step": 20005, "rank": 0, "run_id": "basin_boundary_v3", "rollout": 4, "history_mode": "noisy_gt", "history_probs": [0.39043809523809525, 0.2952190476190476, 0.3143428571428571], "basin_weight": 4e-05, "grad_norm": 0.6607083678245544, "scheduler_step": 20005, "sampler_position": 20005, "samples_seen": 5121280, "effective_batch": 256, "clips_per_sec": 20.01174544381659, "observed_frames_per_sec": 640.3758542021309, "peak_memory_bytes": 22876581888, "elapsed": 1.5990609159925953, "nonfinite_count": 0, "lrs": [5.8697532227521024e-05, 5.869753222752103e-06, 5.869753222752103e-06, 5.8697532227521024e-05]}
{"loss": 0.09395628981292248, "translation": 0.008926153532229364, "rotation": 0.09379931725561619, "points": 0.0381263168528676, "pose_loss": 0.0939521286636591, "basin_loss": 0.08319531008601189, "update_rotation_rad": 0.07224897481501102, "update_center_norm": 0.0886197779327631, "render_time": 0.44357452692929655, "forward_time": 0.3349423899780959, "backward_time": 0.656430643168278, "fp_transition_time": 0.0, "rotation_clipped": 0.0, "translation_clipped": 0.0, "data_time": 0.0007368170190602541, "step": 20006, "rank": 0, "run_id": "basin_boundary_v3", "rollout": 4, "history_mode": "lip_only", "history_probs": [0.39042857142857146, 0.2952142857142857, 0.31435714285714284], "basin_weight": 5e-05, "grad_norm": 0.6613101363182068, "scheduler_step": 20006, "sampler_position": 20006, "samples_seen": 5121536, "effective_batch": 256, "clips_per_sec": 21.70706825407559, "observed_frames_per_sec": 694.6261841304189, "peak_memory_bytes": 22876581888, "elapsed": 1.4741742010228336, "nonfinite_count": 0, "lrs": [5.869382448785601e-05, 5.869382448785601e-06, 5.869382448785601e-06, 5.869382448785601e-05]}
{"loss": 0.09350331872701645, "translation": 0.008700652746483684, "rotation": 0.08894624002277851, "points": 0.04032360203564167, "pose_loss": 0.09349737502634525, "basin_loss": 0.09905631095170975, "update_rotation_rad": 0.11422303318977356, "update_center_norm": 0.10653380863368511, "render_time": 0.4439399359980598, "forward_time": 0.3347211469663307, "backward_time": 0.6531930289929733, "fp_transition_time": 0.0, "rotation_clipped": 0.0078125, "translation_clipped": 0.0, "data_time": 0.000669250963255763, "step": 20007, "rank": 0, "run_id": "basin_boundary_v3", "rollout": 4, "history_mode": "lip_only", "history_probs": [0.3904190476190476, 0.29520952380952376, 0.3143714285714285], "basin_weight": 6e-05, "grad_norm": 0.7964158058166504, "scheduler_step": 20007, "sampler_position": 20007, "samples_seen": 5121792, "effective_batch": 256, "clips_per_sec": 21.75250686647584, "observed_frames_per_sec": 696.0802197272269, "peak_memory_bytes": 22876581888, "elapsed": 1.471094812033698, "nonfinite_count": 0, "lrs": [5.8690116722944036e-05, 5.869011672294403e-06, 5.869011672294403e-06, 5.8690116722944036e-05]}
{"loss": 0.09871445409953594, "translation": 0.007257003569975495, "rotation": 0.10608858987689018, "points": 0.03840748779475689, "pose_loss": 0.09870878607034683, "basin_loss": 0.08098512701690197, "update_rotation_rad": 0.1371686104685068, "update_center_norm": 0.10767234861850739, "render_time": 0.559362527099438, "forward_time": 0.33832761424127966, "backward_time": 0.683024822967127, "fp_transition_time": 0.0, "rotation_clipped": 0.0, "translation_clipped": 0.0, "data_time": 0.002198275993578136, "step": 20008, "rank": 0, "run_id": "basin_boundary_v3", "rollout": 4, "history_mode": "noisy_gt", "history_probs": [0.3904095238095238, 0.2952047619047619, 0.31438571428571427], "basin_weight": 7.000000000000001e-05, "grad_norm": 0.39109039306640625, "scheduler_step": 20008, "sampler_position": 20008, "samples_seen": 5122048, "effective_batch": 256, "clips_per_sec": 19.32774441210179, "observed_frames_per_sec": 618.4878211872573, "peak_memory_bytes": 22876581888, "elapsed": 1.655651032924652, "nonfinite_count": 0, "lrs": [5.8686408932810486e-05, 5.868640893281049e-06, 5.868640893281049e-06, 5.8686408932810486e-05]}
{"loss": 0.13321049511432648, "translation": 0.013464479241520166, "rotation": 0.13216203078627586, "points": 0.05365532636642456, "pose_loss": 0.13320081681013107, "basin_loss": 0.12097120098769665, "update_rotation_rad": 0.12310699746012688, "update_center_norm": 0.1377874482423067, "render_time": 0.44621655310038477, "forward_time": 0.3906124089844525, "backward_time": 1.755383055889979, "fp_transition_time": 29.365669494029135, "rotation_clipped": 0.0, "translation_clipped": 0.01171875, "data_time": 0.0007404329953715205, "step": 20009, "rank": 0, "run_id": "basin_boundary_v3", "rollout": 4, "history_mode": "lip_fp", "history_probs": [0.3904, 0.29519999999999996, 0.31439999999999996], "basin_weight": 8e-05, "grad_norm": 0.8981543779373169, "scheduler_step": 20009, "sampler_position": 20009, "samples_seen": 5122304, "effective_batch": 256, "clips_per_sec": 1.0000514804322065, "observed_frames_per_sec": 32.00164737383061, "peak_memory_bytes": 23866498560, "elapsed": 31.99835271097254, "nonfinite_count": 0, "lrs": [5.8682701117480674e-05, 5.868270111748068e-06, 5.868270111748068e-06, 5.8682701117480674e-05]}
{"loss": 0.09311995096504688, "translation": 0.008936412283219397, "rotation": 0.09129055775702, "points": 0.03852987848222256, "pose_loss": 0.09311157092452049, "basin_loss": 0.0931148137897253, "update_rotation_rad": 0.11760923825204372, "update_center_norm": 0.08054357022047043, "render_time": 0.5546605618437752, "forward_time": 0.33875363995321095, "backward_time": 0.6320798411034048, "fp_transition_time": 0.0, "rotation_clipped": 0.0, "translation_clipped": 0.0, "data_time": 0.0007646669400855899, "step": 20010, "rank": 0, "run_id": "basin_boundary_v3", "rollout": 4, "history_mode": "noisy_gt", "history_probs": [0.39039047619047623, 0.29519523809523807, 0.3144142857142857], "basin_weight": 8.999999999999999e-05, "grad_norm": 0.9228054881095886, "scheduler_step": 20010, "sampler_position": 20010, "samples_seen": 5122560, "effective_batch": 256, "clips_per_sec": 20.436855072430063, "observed_frames_per_sec": 653.979362317762, "peak_memory_bytes": 23867025408, "elapsed": 1.5657986459555104, "nonfinite_count": 0, "lrs": [5.867899327697994e-05, 5.867899327697995e-06, 5.867899327697995e-06, 5.867899327697994e-05]}
{"loss": 0.12692219763994217, "translation": 0.011149557074531913, "rotation": 0.13143368065357208, "points": 0.05004868656396866, "pose_loss": 0.12691508419811726, "basin_loss": 0.07115082815289497, "update_rotation_rad": 0.1021764911711216, "update_center_norm": 0.1314158085733652, "render_time": 0.43573594302870333, "forward_time": 0.3456359739648178, "backward_time": 6.2020434740697965, "fp_transition_time": 2.771527607459575, "rotation_clipped": 0.00390625, "translation_clipped": 0.00390625, "data_time": 0.0006887989584356546, "step": 20011, "rank": 0, "run_id": "basin_boundary_v3", "rollout": 4, "history_mode": "lip_fp", "history_probs": [0.39038095238095244, 0.2951904761904762, 0.31442857142857145], "basin_weight": 0.0001, "grad_norm": 0.7007856369018555, "scheduler_step": 20011, "sampler_position": 20011, "samples_seen": 5122816, "effective_batch": 256, "clips_per_sec": 3.2663914550077937, "observed_frames_per_sec": 104.5245265602494, "peak_memory_bytes": 23882880000, "elapsed": 9.796743727987632, "nonfinite_count": 0, "lrs": [5.867528541133362e-05, 5.867528541133363e-06, 5.867528541133363e-06, 5.867528541133362e-05]}
{"loss": 0.12791903130710125, "translation": 0.01198160636704415, "rotation": 0.12385603971779346, "points": 0.053999340161681175, "pose_loss": 0.1279089692980051, "basin_loss": 0.09144670702517033, "update_rotation_rad": 0.15051185339689255, "update_center_norm": 0.14529024437069893, "render_time": 0.4518897390225902, "forward_time": 0.3423131190938875, "backward_time": 0.8612503029871732, "fp_transition_time": 2.855906690354459, "rotation_clipped": 0.0, "translation_clipped": 0.0, "data_time": 0.000769834965467453, "step": 20012, "rank": 0, "run_id": "basin_boundary_v3", "rollout": 4, "history_mode": "lip_fp", "history_probs": [0.3903714285714286, 0.2951857142857143, 0.31444285714285714], "basin_weight": 0.00010999999999999999, "grad_norm": 0.6104034185409546, "scheduler_step": 20012, "sampler_position": 20012, "samples_seen": 5123072, "effective_batch": 256, "clips_per_sec": 7.022634874206386, "observed_frames_per_sec": 224.72431597460437, "peak_memory_bytes": 23903083520, "elapsed": 4.556694256956689, "nonfinite_count": 0, "lrs": [5.86715775205671e-05, 5.86715775205671e-06, 5.86715775205671e-06, 5.86715775205671e-05]}
{"loss": 0.1385038923472166, "translation": 0.013117504538968205, "rotation": 0.14485669694840908, "points": 0.05294613353908062, "pose_loss": 0.13849198445677757, "basin_loss": 0.0992148295044899, "update_rotation_rad": 0.13047521747648716, "update_center_norm": 0.14980932883918285, "render_time": 0.4349490429740399, "forward_time": 0.3732381369918585, "backward_time": 1.1491812460590154, "fp_transition_time": 3.1490051147993654, "rotation_clipped": 0.0, "translation_clipped": 0.0, "data_time": 0.0007697839755564928, "step": 20013, "rank": 0, "run_id": "basin_boundary_v3", "rollout": 4, "history_mode": "lip_fp", "history_probs": [0.39036190476190474, 0.2951809523809523, 0.3144571428571428], "basin_weight": 0.00012, "grad_norm": 0.4514447748661041, "scheduler_step": 20013, "sampler_position": 20013, "samples_seen": 5123328, "effective_batch": 256, "clips_per_sec": 6.215911961797722, "observed_frames_per_sec": 198.9091827775271, "peak_memory_bytes": 23903083520, "elapsed": 5.148078061058186, "nonfinite_count": 0, "lrs": [5.866786960470568e-05, 5.866786960470569e-06, 5.866786960470569e-06, 5.866786960470568e-05]}
{"loss": 0.09451323747634888, "translation": 0.00848987977951765, "rotation": 0.09301896579563618, "points": 0.03950390312820673, "pose_loss": 0.09450326859951019, "basin_loss": 0.07667837105691433, "update_rotation_rad": 0.1533493474125862, "update_center_norm": 0.1065689418464899, "render_time": 0.5394521390553564, "forward_time": 0.337999026873149, "backward_time": 0.7295345769962296, "fp_transition_time": 0.0, "rotation_clipped": 0.00390625, "translation_clipped": 0.0, "data_time": 0.0007734000682830811, "step": 20014, "rank": 0, "run_id": "basin_boundary_v3", "rollout": 4, "history_mode": "noisy_gt", "history_probs": [0.390352380952381, 0.2951761904761905, 0.31447142857142857], "basin_weight": 0.00013, "grad_norm": 0.6162524819374084, "scheduler_step": 20014, "sampler_position": 20014, "samples_seen": 5123584, "effective_batch": 256, "clips_per_sec": 19.427351081562197, "observed_frames_per_sec": 621.6752346099903, "peak_memory_bytes": 23903083520, "elapsed": 1.6471622850513086, "nonfinite_count": 0, "lrs": [5.8664161663774706e-05, 5.866416166377471e-06, 5.866416166377471e-06, 5.8664161663774706e-05]}
{"loss": 0.09795555286109447, "translation": 0.008109009242616594, "rotation": 0.1044633500277996, "points": 0.037604485638439655, "pose_loss": 0.09794516861438751, "basin_loss": 0.07418208569288254, "update_rotation_rad": 0.07988652400672436, "update_center_norm": 0.0868406780064106, "render_time": 0.43411771103274077, "forward_time": 0.3364758420502767, "backward_time": 0.7050554937450215, "fp_transition_time": 0.0, "rotation_clipped": 0.0, "translation_clipped": 0.0, "data_time": 0.0006483719917014241, "step": 20015, "rank": 0, "run_id": "basin_boundary_v3", "rollout": 4, "history_mode": "lip_only", "history_probs": [0.39034285714285716, 0.2951714285714286, 0.3144857142857143], "basin_weight": 0.00014000000000000001, "grad_norm": 0.513885498046875, "scheduler_step": 20015, "sampler_position": 20015, "samples_seen": 5123840, "effective_batch": 256, "clips_per_sec": 21.108883365780265, "observed_frames_per_sec": 675.4842677049685, "peak_memory_bytes": 23903083520, "elapsed": 1.5159494439139962, "nonfinite_count": 0, "lrs": [5.8660453697799535e-05, 5.866045369779954e-06, 5.866045369779954e-06, 5.8660453697799535e-05]}
{"loss": 0.0889202132821083, "translation": 0.00762285862583667, "rotation": 0.08643638156354427, "points": 0.03805726859718561, "pose_loss": 0.0888983178883791, "basin_loss": 0.14597473293542862, "update_rotation_rad": 0.08709065243601799, "update_center_norm": 0.08669375628232956, "render_time": 0.45011604705359787, "forward_time": 0.3379484862089157, "backward_time": 0.6492550008697435, "fp_transition_time": 0.0, "rotation_clipped": 0.01171875, "translation_clipped": 0.0, "data_time": 0.0007245299639180303, "step": 20016, "rank": 0, "run_id": "basin_boundary_v3", "rollout": 4, "history_mode": "lip_only", "history_probs": [0.39033333333333337, 0.29516666666666663, 0.3145], "basin_weight": 0.00015, "grad_norm": 0.49654120206832886, "scheduler_step": 20016, "sampler_position": 20016, "samples_seen": 5124096, "effective_batch": 256, "clips_per_sec": 21.631220490375462, "observed_frames_per_sec": 692.1990556920148, "peak_memory_bytes": 23903083520, "elapsed": 1.4793432489968836, "nonfinite_count": 0, "lrs": [5.8656745706805505e-05, 5.865674570680551e-06, 5.865674570680551e-06, 5.8656745706805505e-05]}
{"loss": 0.09051777049899101, "translation": 0.008021719520911574, "rotation": 0.08848879486322403, "points": 0.03823438752442598, "pose_loss": 0.09050050005316734, "basin_loss": 0.10794115252792835, "update_rotation_rad": 0.06573800649493933, "update_center_norm": 0.07826261594891548, "render_time": 0.47448544297367334, "forward_time": 0.3399531040340662, "backward_time": 0.6217638849047944, "fp_transition_time": 0.0, "rotation_clipped": 0.01171875, "translation_clipped": 0.0, "data_time": 0.000639480073004961, "step": 20017, "rank": 0, "run_id": "basin_boundary_v3", "rollout": 4, "history_mode": "lip_only", "history_probs": [0.3903238095238095, 0.29516190476190474, 0.3145142857142857], "basin_weight": 0.00016, "grad_norm": 0.6893246173858643, "scheduler_step": 20017, "sampler_position": 20017, "samples_seen": 5124352, "effective_batch": 256, "clips_per_sec": 21.645220630562246, "observed_frames_per_sec": 692.6470601779919, "peak_memory_bytes": 23903083520, "elapsed": 1.478386408998631, "nonfinite_count": 0, "lrs": [5.865303769081796e-05, 5.865303769081796e-06, 5.865303769081796e-06, 5.865303769081796e-05]}
{"loss": 0.11379377916455269, "translation": 0.009320838609710336, "rotation": 0.12190346047282219, "points": 0.0435053464025259, "pose_loss": 0.11377790942788124, "basin_loss": 0.0933511657640338, "update_rotation_rad": 0.1365829072892666, "update_center_norm": 0.09828363358974457, "render_time": 0.5652221968630329, "forward_time": 0.33995233196765184, "backward_time": 0.6509507719893008, "fp_transition_time": 0.0, "rotation_clipped": 0.0078125, "translation_clipped": 0.0, "data_time": 0.0007051919819787145, "step": 20018, "rank": 0, "run_id": "basin_boundary_v3", "rollout": 4, "history_mode": "noisy_gt", "history_probs": [0.3903142857142857, 0.29515714285714284, 0.3145285714285714], "basin_weight": 0.00017, "grad_norm": 0.5106552243232727, "scheduler_step": 20018, "sampler_position": 20018, "samples_seen": 5124608, "effective_batch": 256, "clips_per_sec": 20.01849183111969, "observed_frames_per_sec": 640.5917385958301, "peak_memory_bytes": 23903083520, "elapsed": 1.5985220200382173, "nonfinite_count": 0, "lrs": [5.864932964986226e-05, 5.864932964986226e-06, 5.864932964986226e-06, 5.864932964986226e-05]}
