{"sampler_available_buckets": ["moving", "uniform"], "weights": [0.6666666666666666, 0.3333333333333333], "rank": 0}
{"loss": 0.12526027858257294, "translation": 0.031046083196997643, "rotation": 0.028923511505126953, "points": 0.07975244522094727, "update_rotation_rad": 0.0003382469294592738, "update_center_norm": 0.0014591950457543135, "render_time": 0.01898226491175592, "forward_time": 0.015330362017266452, "backward_time": 0.028192552970722318, "rotation_clipped": 0.0, "translation_clipped": 0.0, "step": 25}
{"loss": 0.061362117528915405, "translation": 0.013385667465627193, "rotation": 0.01128432061523199, "points": 0.042334288358688354, "update_rotation_rad": 0.0010217074304819107, "update_center_norm": 0.007706392090767622, "render_time": 0.01908679399639368, "forward_time": 0.015392820001579821, "backward_time": 0.028075105976313353, "rotation_clipped": 0.0, "translation_clipped": 0.0, "step": 50}
{"loss": 0.04206230863928795, "translation": 0.008263674564659595, "rotation": 0.006900443695485592, "points": 0.030348412692546844, "update_rotation_rad": 0.0018397795502096415, "update_center_norm": 0.02189665660262108, "render_time": 0.018832862959243357, "forward_time": 0.015338352997787297, "backward_time": 0.028108763974159956, "rotation_clipped": 0.0, "translation_clipped": 0.0, "step": 75}
{"loss": 0.05530617758631706, "translation": 0.011516298167407513, "rotation": 0.011577645316720009, "points": 0.038001060485839844, "update_rotation_rad": 0.00046716874931007624, "update_center_norm": 0.03901147469878197, "render_time": 0.018945763004012406, "forward_time": 0.015321839018724859, "backward_time": 0.027926555019803345, "rotation_clipped": 0.0, "translation_clipped": 0.0, "step": 100}
{"loss": 0.0360768623650074, "translation": 0.005336212459951639, "rotation": 0.01182260736823082, "points": 0.02482934668660164, "update_rotation_rad": 0.000871464260853827, "update_center_norm": 0.038658469915390015, "render_time": 0.01893091097008437, "forward_time": 0.015598622965626419, "backward_time": 0.02795516501646489, "rotation_clipped": 0.0, "translation_clipped": 0.0, "step": 125}
{"loss": 0.03026251494884491, "translation": 0.003217484336346388, "rotation": 0.015742946416139603, "points": 0.019173556938767433, "update_rotation_rad": 0.003253927454352379, "update_center_norm": 0.057530030608177185, "render_time": 0.018953755032271147, "forward_time": 0.01538830401841551, "backward_time": 0.02817743201740086, "rotation_clipped": 0.0, "translation_clipped": 0.0, "step": 150}
{"loss": 0.05246414244174957, "translation": 0.010119996033608913, "rotation": 0.014901179820299149, "points": 0.03489356115460396, "update_rotation_rad": 0.002533922903239727, "update_center_norm": 0.054213665425777435, "render_time": 0.018910682993009686, "forward_time": 0.015342048020102084, "backward_time": 0.02808007295243442, "rotation_clipped": 0.0, "translation_clipped": 0.0, "step": 175}
{"loss": 0.07573172450065613, "translation": 0.014798292890191078, "rotation": 0.02767121233046055, "points": 0.0470978245139122, "update_rotation_rad": 0.003586788894608617, "update_center_norm": 0.052874669432640076, "render_time": 0.01892247993964702, "forward_time": 0.015403876081109047, "backward_time": 0.028159165987744927, "rotation_clipped": 0.0, "translation_clipped": 0.0, "step": 200}
{"loss": 0.05756183713674545, "translation": 0.01012495905160904, "rotation": 0.026431221514940262, "points": 0.03422126919031143, "update_rotation_rad": 0.005109772086143494, "update_center_norm": 0.051042743027210236, "render_time": 0.01903095399029553, "forward_time": 0.015361094963736832, "backward_time": 0.028069888940081, "rotation_clipped": 0.0, "translation_clipped": 0.0, "step": 225}
{"loss": 0.016789628192782402, "translation": 0.000938106095418334, "rotation": 0.010284692980349064, "points": 0.01070917584002018, "update_rotation_rad": 0.0030057611875236034, "update_center_norm": 0.05114834010601044, "render_time": 0.019058603909797966, "forward_time": 0.015422362950630486, "backward_time": 0.028128843056038022, "rotation_clipped": 0.0, "translation_clipped": 0.0, "step": 250}
{"loss": 0.01431078277528286, "translation": 0.0008141630096361041, "rotation": 0.00789109617471695, "points": 0.00955107156187296, "update_rotation_rad": 0.0033539209980517626, "update_center_norm": 0.04903244227170944, "render_time": 0.018816978903487325, "forward_time": 0.015371039975434542, "backward_time": 0.0281408199807629, "rotation_clipped": 0.0, "translation_clipped": 0.0, "step": 275}
{"loss": 0.01600615493953228, "translation": 0.0012209771666675806, "rotation": 0.007672078441828489, "points": 0.010949138551950455, "update_rotation_rad": 0.007496457081288099, "update_center_norm": 0.04027411341667175, "render_time": 0.018873610999435186, "forward_time": 0.015531537006609142, "backward_time": 0.028118949034251273, "rotation_clipped": 0.0, "translation_clipped": 0.0, "step": 300}
{"loss": 0.012796187773346901, "translation": 0.0005768974078819156, "rotation": 0.009153449907898903, "points": 0.007642565295100212, "update_rotation_rad": 0.0057430868037045, "update_center_norm": 0.038935624063014984, "render_time": 0.01896769495215267, "forward_time": 0.01542998303193599, "backward_time": 0.02782614203169942, "rotation_clipped": 0.0, "translation_clipped": 0.0, "step": 325}
{"loss": 0.04462365061044693, "translation": 0.008875187486410141, "rotation": 0.010182252153754234, "points": 0.030657336115837097, "update_rotation_rad": 0.010662972927093506, "update_center_norm": 0.08029342442750931, "render_time": 0.01914540701545775, "forward_time": 0.015495616011321545, "backward_time": 0.02804221003316343, "rotation_clipped": 0.0, "translation_clipped": 0.0, "step": 350}
{"loss": 0.024959975853562355, "translation": 0.0029140235856175423, "rotation": 0.013449398800730705, "points": 0.015321251936256886, "update_rotation_rad": 0.007265843451023102, "update_center_norm": 0.0488368421792984, "render_time": 0.01910190493799746, "forward_time": 0.01531664200592786, "backward_time": 0.02795313310343772, "rotation_clipped": 0.0, "translation_clipped": 0.0, "step": 375}
{"loss": 0.05439712852239609, "translation": 0.010317773558199406, "rotation": 0.019247716292738914, "points": 0.03445550054311752, "update_rotation_rad": 0.014106363989412785, "update_center_norm": 0.08566463738679886, "render_time": 0.018920767004601657, "forward_time": 0.015416643931530416, "backward_time": 0.027974222088232636, "rotation_clipped": 0.0, "translation_clipped": 0.0, "step": 400}
{"loss": 0.034896284341812134, "translation": 0.003372592618688941, "rotation": 0.02464529499411583, "points": 0.019201043993234634, "update_rotation_rad": 0.016473691910505295, "update_center_norm": 0.08047927916049957, "render_time": 0.01871137006673962, "forward_time": 0.015406389022246003, "backward_time": 0.02805308497045189, "rotation_clipped": 0.0, "translation_clipped": 0.0, "step": 425}
{"loss": 0.012673847377300262, "translation": 0.0006333909113891423, "rotation": 0.00651714950799942, "points": 0.00878188293427229, "update_rotation_rad": 0.006415106821805239, "update_center_norm": 0.050350748002529144, "render_time": 0.019109235960058868, "forward_time": 0.015355536947026849, "backward_time": 0.028345169965177774, "rotation_clipped": 0.0, "translation_clipped": 0.0, "step": 450}
{"loss": 0.015750065445899963, "translation": 0.001337510533630848, "rotation": 0.00830054096877575, "points": 0.010262283496558666, "update_rotation_rad": 0.005606178194284439, "update_center_norm": 0.046629179269075394, "render_time": 0.0190021829912439, "forward_time": 0.015398699091747403, "backward_time": 0.028034807997755706, "rotation_clipped": 0.0, "translation_clipped": 0.0, "step": 475}
{"loss": 0.01605498045682907, "translation": 0.0021537835709750652, "rotation": 0.006459389813244343, "points": 0.010671502910554409, "update_rotation_rad": 0.009323593229055405, "update_center_norm": 0.027431832626461983, "render_time": 0.019027029047720134, "forward_time": 0.015570022980682552, "backward_time": 0.028265016968362033, "rotation_clipped": 0.0, "translation_clipped": 0.0, "step": 500}
{
  "passed": true,
  "data_complete": false,
  "split_scope": "Official README positions 0..3 only; incomplete s0; preflight diagnostics",
  "source": "real_DexYCB",
  "num_clips": 32,
  "steps": 500,
  "initial": {
    "loss": 0.08472011657431722,
    "learned": {
      "center_mm": 9.618086460793828,
      "rotation_deg": 0.9317644961082077,
      "add_m": 0.009577219626538555,
      "adds_m": 0.005379005477895612,
      "add_005": 0.46875,
      "add_01": 0.875,
      "adds_005": 0.84375,
      "adds_01": 1.0
    },
    "zero_motion": {
      "center_mm": 9.618086460793828,
      "rotation_deg": 0.9317644961082077,
      "add_m": 0.009577219626538555,
      "adds_m": 0.005379005477895612,
      "add_005": 0.46875,
      "add_01": 0.875,
      "adds_005": 0.84375,
      "adds_01": 1.0
    }
  },
  "final": {
    "loss": 0.015608520421665162,
    "learned": {
      "center_mm": 1.4863029066432305,
      "rotation_deg": 0.5755831733276716,
      "add_m": 0.0015890610297455052,
      "adds_m": 0.0012052410023552142,
      "add_005": 1.0,
      "add_01": 1.0,
      "adds_005": 1.0,
      "adds_01": 1.0
    },
    "zero_motion": {
      "center_mm": 9.618086460793828,
      "rotation_deg": 0.9317644961082077,
      "add_m": 0.009577219626538555,
      "adds_m": 0.005379005477895612,
      "add_005": 0.46875,
      "add_01": 0.875,
      "adds_005": 0.84375,
      "adds_01": 1.0
    }
  },
  "criterion": "loss <75% initial and learned ADD below identical zero-motion baseline"
}
