[__init__()] welcome
[__init__()] self.cfg: 
 lr: 0.0001
c_in: 6
zfar: .inf
debug: null
w_rot: 0.1
n_view: 1
run_id: null
use_BN: true
rot_rep: axis_angle
ckpt_dir: /mnt/why/dexycb_lip/third_party/FoundationPose/learning/training/../../weights/2023-10-28-18-33-37/model_best.pth
exp_name: 2023-10-28-18-33-37
save_dir: /tmp/2023-10-28-18-33-37/
loss_type: l2
optimizer: adam
trans_rep: tracknet
batch_size: 64
crop_ratio: 1.2
use_normal: false
BN_momentum: 0.1
max_num_key: null
warmup_step: -1
input_resize:
- 160
- 160
max_step_val: 1000
normal_uint8: false
vis_interval: 1000
weight_decay: 0
n_max_objects: null
normalize_xyz: true
clip_grad_norm: 'Infinity'
rot_normalizer: 0.3490658503988659
trans_normalizer:
- 0.019999999552965164
- 0.019999999552965164
- 0.05000000074505806
max_step_per_epoch: 25000
val_epoch_interval: 10
n_dataloader_workers: 60
enable_amp: true
use_mask: false

[__init__()] self.h5_file:
[__init__()] Using pretrained model from /mnt/why/dexycb_lip/third_party/FoundationPose/learning/training/../../weights/2023-10-28-18-33-37/model_best.pth
[__init__()] init done
Warp 1.17.0 initialized:
   CUDA Toolkit 12.9, Driver 13.0
   Devices:
     "cpu"      : "x86_64"
     "cuda:0"   : "NVIDIA H20" (95 GiB, sm_90, mempool enabled)
     "cuda:1"   : "NVIDIA H20" (95 GiB, sm_90, mempool enabled)
     "cuda:2"   : "NVIDIA H20" (95 GiB, sm_90, mempool enabled)
     "cuda:3"   : "NVIDIA H20" (95 GiB, sm_90, mempool enabled)
     "cuda:4"   : "NVIDIA H20" (95 GiB, sm_90, mempool enabled)
     "cuda:5"   : "NVIDIA H20" (95 GiB, sm_90, mempool enabled)
     "cuda:6"   : "NVIDIA H20" (95 GiB, sm_90, mempool enabled)
     "cuda:7"   : "NVIDIA H20" (95 GiB, sm_90, mempool enabled)
   CUDA peer access:
     Supported fully (all-directional)
   Kernel cache:
     /root/.cache/warp/1.17.0
{"sampler_available_buckets": ["moving", "occluded", "uniform"], "weights": [0.5, 0.25, 0.25], "rank": 0}
{"mode": "noisy_gt", "clips": 8, "rollout": 4, "inputs_bitwise_equal": true, "max_output_difference": 0.0, "loss_difference": 0.0, "gradient_relative_l2": 0.0, "frozen_modules_have_no_gradients": true}
{"mode": "lip_only", "clips": 8, "rollout": 4, "inputs_bitwise_equal": true, "max_output_difference": 0.0, "loss_difference": 0.0, "gradient_relative_l2": 0.0, "frozen_modules_have_no_gradients": true}
/usr/local/lib/python3.12/dist-packages/torch/__init__.py:1264: UserWarning: torch.set_default_tensor_type() is deprecated as of PyTorch 2.1, please use torch.set_default_dtype() and torch.set_default_device() as alternatives. (Triggered internally at /pytorch/torch/csrc/tensor/python_tensor.cpp:434.)
  _C._set_default_tensor_type(t)
/mnt/why/dexycb_lip/third_party/FoundationPose/learning/training/predict_pose_refine.py:190: FutureWarning: `torch.cuda.amp.autocast(args...)` is deprecated. Please use `torch.amp.autocast('cuda', args...)` instead.
  with torch.cuda.amp.autocast(enabled=self.amp):
Module Utils 65dffc6 load on device 'cuda:0' took 0.76 ms  (cached)
{"mode": "lip_fp", "clips": 8, "rollout": 4, "inputs_bitwise_equal": true, "max_output_difference": 0.0, "loss_difference": 0.0, "gradient_relative_l2": 0.0, "frozen_modules_have_no_gradients": true}
