{"sampler_available_buckets": ["moving", "occluded", "uniform"], "weights": [0.5, 0.25, 0.25], "rank": 1}
{"sampler_available_buckets": ["moving", "occluded", "uniform"], "weights": [0.5, 0.25, 0.25], "rank": 0}
{"sampler_available_buckets": ["moving", "occluded", "uniform"], "weights": [0.5, 0.25, 0.25], "rank": 5}
{"sampler_available_buckets": ["moving", "occluded", "uniform"], "weights": [0.5, 0.25, 0.25], "rank": 4}
{"sampler_available_buckets": ["moving", "occluded", "uniform"], "weights": [0.5, 0.25, 0.25], "rank": 3}
{"sampler_available_buckets": ["moving", "occluded", "uniform"], "weights": [0.5, 0.25, 0.25], "rank": 6}
{"sampler_available_buckets": ["moving", "occluded", "uniform"], "weights": [0.5, 0.25, 0.25], "rank": 2}
{"sampler_available_buckets": ["moving", "occluded", "uniform"], "weights": [0.5, 0.25, 0.25], "rank": 7}
{
  "passed": true,
  "clips": 512,
  "rows": [
    {
      "rank": 0,
      "position": 21501,
      "changed": [],
      "clips": 32
    },
    {
      "rank": 0,
      "position": 21505,
      "changed": [],
      "clips": 32
    },
    {
      "rank": 1,
      "position": 21501,
      "changed": [],
      "clips": 32
    },
    {
      "rank": 1,
      "position": 21505,
      "changed": [],
      "clips": 32
    },
    {
      "rank": 2,
      "position": 21501,
      "changed": [],
      "clips": 32
    },
    {
      "rank": 2,
      "position": 21505,
      "changed": [],
      "clips": 32
    },
    {
      "rank": 3,
      "position": 21501,
      "changed": [],
      "clips": 32
    },
    {
      "rank": 3,
      "position": 21505,
      "changed": [],
      "clips": 32
    },
    {
      "rank": 4,
      "position": 21501,
      "changed": [],
      "clips": 32
    },
    {
      "rank": 4,
      "position": 21505,
      "changed": [],
      "clips": 32
    },
    {
      "rank": 5,
      "position": 21501,
      "changed": [],
      "clips": 32
    },
    {
      "rank": 5,
      "position": 21505,
      "changed": [],
      "clips": 32
    },
    {
      "rank": 6,
      "position": 21501,
      "changed": [],
      "clips": 32
    },
    {
      "rank": 6,
      "position": 21505,
      "changed": [],
      "clips": 32
    },
    {
      "rank": 7,
      "position": 21501,
      "changed": [],
      "clips": 32
    },
    {
      "rank": 7,
      "position": 21505,
      "changed": [],
      "clips": 32
    }
  ]
}
