[Gloo] Rank [Gloo] Rank 2[Gloo] Rank 1[Gloo] Rank  is connected to 3[Gloo] Rank  is connected to [Gloo] Rank 0[Gloo] Rank 7[Gloo] Rank  is connected to 477 is connected to 6 peer ranks. 57 is connected to  peer ranks.  is connected to 7 is connected to Expected number of connected peer ranks is :  is connected to  peer ranks. 7Expected number of connected peer ranks is : 7 peer ranks. 777Expected number of connected peer ranks is :  peer ranks. 7 peer ranks. Expected number of connected peer ranks is :  peer ranks. 
 peer ranks. 7Expected number of connected peer ranks is : 
Expected number of connected peer ranks is : 7Expected number of connected peer ranks is : Expected number of connected peer ranks is : 
77
77



{"environment": {"versions": {"torch": "2.8.0+cu128", "torchvision": "0.23.0+cu128", "numpy": "2.5.3", "scipy": "1.16.2", "trimesh": "5.1.0", "opencv-python-headless": "4.12.0.88", "PyYAML": "6.0.3", "pytest": "9.1.1", "nvdiffrast": "0.4.0", "tensorboard": "2.20.0"}, "cuda_runtime": "12.8", "gpus": [{"index": 0, "name": "NVIDIA H20", "total_bytes": 102085361664}, {"index": 1, "name": "NVIDIA H20", "total_bytes": 102085361664}, {"index": 2, "name": "NVIDIA H20", "total_bytes": 102085361664}, {"index": 3, "name": "NVIDIA H20", "total_bytes": 102085361664}, {"index": 4, "name": "NVIDIA H20", "total_bytes": 102085361664}, {"index": 5, "name": "NVIDIA H20", "total_bytes": 102085361664}, {"index": 6, "name": "NVIDIA H20", "total_bytes": 102085361664}, {"index": 7, "name": "NVIDIA H20", "total_bytes": 102085361664}], "cgroup_limits": {"cpu_quota_us": 12800000, "cpu_period_us": 100000, "memory_limit_bytes": 549755813888}, "driver": ["580.126.20", "580.126.20", "580.126.20", "580.126.20", "580.126.20", "580.126.20", "580.126.20", "580.126.20"], "cpu_affinity": 344, "cpu_count": 344, "disk": {"total": 599233837137920, "used": 487053019017216, "free": 112180818120704}, "bf16": true}}
{"resumed_step": 21530, "scheduler_step": 21530, "sampler_position": 21530, "rank": 4}
{"resumed_step": 21530, "scheduler_step": 21530, "sampler_position": 21530, "rank": 5}
{"resumed_step": 21530, "scheduler_step": 21530, "sampler_position": 21530, "rank": 2}
{"resumed_step": 21530, "scheduler_step": 21530, "sampler_position": 21530, "rank": 3}
{"resumed_step": 21530, "scheduler_step": 21530, "sampler_position": 21530, "rank": 1}
{"resumed_step": 21530, "scheduler_step": 21530, "sampler_position": 21530, "rank": 7}
{"resumed_step": 21530, "scheduler_step": 21530, "sampler_position": 21530, "rank": 6}
{"resumed_step": 21530, "scheduler_step": 21530, "sampler_position": 21530, "rank": 0}
{"sampler_available_buckets": ["moving", "occluded", "uniform"], "weights": [0.5, 0.25, 0.25], "rank": 5}
{"sampler_available_buckets": ["moving", "occluded", "uniform"], "weights": [0.5, 0.25, 0.25], "rank": 2}
{"sampler_available_buckets": ["moving", "occluded", "uniform"], "weights": [0.5, 0.25, 0.25], "rank": 3}
{"sampler_available_buckets": ["moving", "occluded", "uniform"], "weights": [0.5, 0.25, 0.25], "rank": 1}
{"sampler_available_buckets": ["moving", "occluded", "uniform"], "weights": [0.5, 0.25, 0.25], "rank": 4}{"sampler_available_buckets": ["moving", "occluded", "uniform"], "weights": [0.5, 0.25, 0.25], "rank": 0}

{"sampler_available_buckets": ["moving", "occluded", "uniform"], "weights": [0.5, 0.25, 0.25], "rank": 7}
{"sampler_available_buckets": ["moving", "occluded", "uniform"], "weights": [0.5, 0.25, 0.25], "rank": 6}
Warp 1.17.0 initialized:
   CUDA Toolkit 12.9, Driver 13.0
   Devices:
     "cpu"      : "x86_64"
     "cuda:0"   : "NVIDIA H20" (95 GiB, sm_90, mempool enabled)
     "cuda:1"   : "NVIDIA H20" (95 GiB, sm_90, mempool enabled)
     "cuda:2"   : "NVIDIA H20" (95 GiB, sm_90, mempool enabled)
     "cuda:3"   : "NVIDIA H20" (95 GiB, sm_90, mempool enabled)
     "cuda:4"   : "NVIDIA H20" (95 GiB, sm_90, mempool enabled)
     "cuda:5"   : "NVIDIA H20" (95 GiB, sm_90, mempool enabled)
     "cuda:6"   : "NVIDIA H20" (95 GiB, sm_90, mempool enabled)
     "cuda:7"   : "NVIDIA H20" (95 GiB, sm_90, mempool enabled)
   CUDA peer access:
     Supported fully (all-directional)
   Kernel cache:
     /root/.cache/warp/1.17.0
Warp 1.17.0 initialized:
   CUDA Toolkit 12.9, Driver 13.0
   Devices:
     "cpu"      : "x86_64"
     "cuda:0"   : "NVIDIA H20" (95 GiB, sm_90, mempool enabled)
     "cuda:1"   : "NVIDIA H20" (95 GiB, sm_90, mempool enabled)
     "cuda:2"   : "NVIDIA H20" (95 GiB, sm_90, mempool enabled)
     "cuda:3"   : "NVIDIA H20" (95 GiB, sm_90, mempool enabled)
     "cuda:4"   : "NVIDIA H20" (95 GiB, sm_90, mempool enabled)
     "cuda:5"   : "NVIDIA H20" (95 GiB, sm_90, mempool enabled)
     "cuda:6"   : "NVIDIA H20" (95 GiB, sm_90, mempool enabled)
     "cuda:7"   : "NVIDIA H20" (95 GiB, sm_90, mempool enabled)
   CUDA peer access:
     Supported fully (all-directional)
   Kernel cache:
     /root/.cache/warp/1.17.0
[__init__()] welcome
[__init__()] self.cfg: 
 lr: 0.0001
c_in: 6
zfar: .inf
debug: null
w_rot: 0.1
n_view: 1
run_id: null
use_BN: true
rot_rep: axis_angle
ckpt_dir: /mnt/why/dexycb_lip/third_party/FoundationPose/learning/training/../../weights/2023-10-28-18-33-37/model_best.pth
exp_name: 2023-10-28-18-33-37
save_dir: /tmp/2023-10-28-18-33-37/
loss_type: l2
optimizer: adam
trans_rep: tracknet
batch_size: 64
crop_ratio: 1.2
use_normal: false
BN_momentum: 0.1
max_num_key: null
warmup_step: -1
input_resize:
- 160
- 160
max_step_val: 1000
normal_uint8: false
vis_interval: 1000
weight_decay: 0
n_max_objects: null
normalize_xyz: true
clip_grad_norm: 'Infinity'
rot_normalizer: 0.3490658503988659
trans_normalizer:
- 0.019999999552965164
- 0.019999999552965164
- 0.05000000074505806
max_step_per_epoch: 25000
val_epoch_interval: 10
n_dataloader_workers: 60
enable_amp: true
use_mask: false

[__init__()] self.h5_file:
[__init__()] welcome
[__init__()] self.cfg: 
 lr: 0.0001
c_in: 6
zfar: .inf
debug: null
w_rot: 0.1
n_view: 1
run_id: null
use_BN: true
rot_rep: axis_angle
ckpt_dir: /mnt/why/dexycb_lip/third_party/FoundationPose/learning/training/../../weights/2023-10-28-18-33-37/model_best.pth
exp_name: 2023-10-28-18-33-37
save_dir: /tmp/2023-10-28-18-33-37/
loss_type: l2
optimizer: adam
trans_rep: tracknet
batch_size: 64
crop_ratio: 1.2
use_normal: false
BN_momentum: 0.1
max_num_key: null
warmup_step: -1
input_resize:
- 160
- 160
max_step_val: 1000
normal_uint8: false
vis_interval: 1000
weight_decay: 0
n_max_objects: null
normalize_xyz: true
clip_grad_norm: 'Infinity'
rot_normalizer: 0.3490658503988659
trans_normalizer:
- 0.019999999552965164
- 0.019999999552965164
- 0.05000000074505806
max_step_per_epoch: 25000
val_epoch_interval: 10
n_dataloader_workers: 60
enable_amp: true
use_mask: false

[__init__()] self.h5_file:
[__init__()] Using pretrained model from /mnt/why/dexycb_lip/third_party/FoundationPose/learning/training/../../weights/2023-10-28-18-33-37/model_best.pth
[__init__()] Using pretrained model from /mnt/why/dexycb_lip/third_party/FoundationPose/learning/training/../../weights/2023-10-28-18-33-37/model_best.pth
Warp 1.17.0 initialized:
   CUDA Toolkit 12.9, Driver 13.0
   Devices:
     "cpu"      : "x86_64"
     "cuda:0"   : "NVIDIA H20" (95 GiB, sm_90, mempool enabled)
     "cuda:1"   : "NVIDIA H20" (95 GiB, sm_90, mempool enabled)
     "cuda:2"   : "NVIDIA H20" (95 GiB, sm_90, mempool enabled)
     "cuda:3"   : "NVIDIA H20" (95 GiB, sm_90, mempool enabled)
     "cuda:4"   : "NVIDIA H20" (95 GiB, sm_90, mempool enabled)
     "cuda:5"   : "NVIDIA H20" (95 GiB, sm_90, mempool enabled)
     "cuda:6"   : "NVIDIA H20" (95 GiB, sm_90, mempool enabled)
     "cuda:7"   : "NVIDIA H20" (95 GiB, sm_90, mempool enabled)
   CUDA peer access:
     Supported fully (all-directional)
   Kernel cache:
     /root/.cache/warp/1.17.0
Warp 1.17.0 initialized:
   CUDA Toolkit 12.9, Driver 13.0
   Devices:
     "cpu"      : "x86_64"
     "cuda:0"   : "NVIDIA H20" (95 GiB, sm_90, mempool enabled)
     "cuda:1"   : "NVIDIA H20" (95 GiB, sm_90, mempool enabled)
     "cuda:2"   : "NVIDIA H20" (95 GiB, sm_90, mempool enabled)
     "cuda:3"   : "NVIDIA H20" (95 GiB, sm_90, mempool enabled)
     "cuda:4"   : "NVIDIA H20" (95 GiB, sm_90, mempool enabled)
     "cuda:5"   : "NVIDIA H20" (95 GiB, sm_90, mempool enabled)
     "cuda:6"   : "NVIDIA H20" (95 GiB, sm_90, mempool enabled)
     "cuda:7"   : "NVIDIA H20" (95 GiB, sm_90, mempool enabled)
   CUDA peer access:
     Supported fully (all-directional)
   Kernel cache:
     /root/.cache/warp/1.17.0
[__init__()] welcome
[__init__()] self.cfg: 
 lr: 0.0001
c_in: 6
zfar: .inf
debug: null
w_rot: 0.1
n_view: 1
run_id: null
use_BN: true
rot_rep: axis_angle
ckpt_dir: /mnt/why/dexycb_lip/third_party/FoundationPose/learning/training/../../weights/2023-10-28-18-33-37/model_best.pth
exp_name: 2023-10-28-18-33-37
save_dir: /tmp/2023-10-28-18-33-37/
loss_type: l2
optimizer: adam
trans_rep: tracknet
batch_size: 64
crop_ratio: 1.2
use_normal: false
BN_momentum: 0.1
max_num_key: null
warmup_step: -1
input_resize:
- 160
- 160
max_step_val: 1000
normal_uint8: false
vis_interval: 1000
weight_decay: 0
n_max_objects: null
normalize_xyz: true
clip_grad_norm: 'Infinity'
rot_normalizer: 0.3490658503988659
trans_normalizer:
- 0.019999999552965164
- 0.019999999552965164
- 0.05000000074505806
max_step_per_epoch: 25000
val_epoch_interval: 10
n_dataloader_workers: 60
enable_amp: true
use_mask: false

[__init__()] self.h5_file:
[__init__()] welcome
[__init__()] self.cfg: 
 lr: 0.0001
c_in: 6
zfar: .inf
debug: null
w_rot: 0.1
n_view: 1
run_id: null
use_BN: true
rot_rep: axis_angle
ckpt_dir: /mnt/why/dexycb_lip/third_party/FoundationPose/learning/training/../../weights/2023-10-28-18-33-37/model_best.pth
exp_name: 2023-10-28-18-33-37
save_dir: /tmp/2023-10-28-18-33-37/
loss_type: l2
optimizer: adam
trans_rep: tracknet
batch_size: 64
crop_ratio: 1.2
use_normal: false
BN_momentum: 0.1
max_num_key: null
warmup_step: -1
input_resize:
- 160
- 160
max_step_val: 1000
normal_uint8: false
vis_interval: 1000
weight_decay: 0
n_max_objects: null
normalize_xyz: true
clip_grad_norm: 'Infinity'
rot_normalizer: 0.3490658503988659
trans_normalizer:
- 0.019999999552965164
- 0.019999999552965164
- 0.05000000074505806
max_step_per_epoch: 25000
val_epoch_interval: 10
n_dataloader_workers: 60
enable_amp: true
use_mask: false

[__init__()] self.h5_file:
Warp 1.17.0 initialized:
   CUDA Toolkit 12.9, Driver 13.0
   Devices:
     "cpu"      : "x86_64"
     "cuda:0"   : "NVIDIA H20" (95 GiB, sm_90, mempool enabled)
     "cuda:1"   : "NVIDIA H20" (95 GiB, sm_90, mempool enabled)
     "cuda:2"   : "NVIDIA H20" (95 GiB, sm_90, mempool enabled)
     "cuda:3"   : "NVIDIA H20" (95 GiB, sm_90, mempool enabled)
     "cuda:4"   : "NVIDIA H20" (95 GiB, sm_90, mempool enabled)
     "cuda:5"   : "NVIDIA H20" (95 GiB, sm_90, mempool enabled)
     "cuda:6"   : "NVIDIA H20" (95 GiB, sm_90, mempool enabled)
     "cuda:7"   : "NVIDIA H20" (95 GiB, sm_90, mempool enabled)
   CUDA peer access:
     Supported fully (all-directional)
   Kernel cache:
     /root/.cache/warp/1.17.0
[__init__()] Using pretrained model from /mnt/why/dexycb_lip/third_party/FoundationPose/learning/training/../../weights/2023-10-28-18-33-37/model_best.pth
Warp 1.17.0 initialized:
   CUDA Toolkit 12.9, Driver 13.0
   Devices:
     "cpu"      : "x86_64"
     "cuda:0"   : "NVIDIA H20" (95 GiB, sm_90, mempool enabled)
     "cuda:1"   : "NVIDIA H20" (95 GiB, sm_90, mempool enabled)
     "cuda:2"   : "NVIDIA H20" (95 GiB, sm_90, mempool enabled)
     "cuda:3"   : "NVIDIA H20" (95 GiB, sm_90, mempool enabled)
     "cuda:4"   : "NVIDIA H20" (95 GiB, sm_90, mempool enabled)
     "cuda:5"   : "NVIDIA H20" (95 GiB, sm_90, mempool enabled)
     "cuda:6"   : "NVIDIA H20" (95 GiB, sm_90, mempool enabled)
     "cuda:7"   : "NVIDIA H20" (95 GiB, sm_90, mempool enabled)
   CUDA peer access:
     Supported fully (all-directional)
   Kernel cache:
     /root/.cache/warp/1.17.0
[__init__()] Using pretrained model from /mnt/why/dexycb_lip/third_party/FoundationPose/learning/training/../../weights/2023-10-28-18-33-37/model_best.pth
[__init__()] welcome
[__init__()] self.cfg: 
 lr: 0.0001
c_in: 6
zfar: .inf
debug: null
w_rot: 0.1
n_view: 1
run_id: null
use_BN: true
rot_rep: axis_angle
ckpt_dir: /mnt/why/dexycb_lip/third_party/FoundationPose/learning/training/../../weights/2023-10-28-18-33-37/model_best.pth
exp_name: 2023-10-28-18-33-37
save_dir: /tmp/2023-10-28-18-33-37/
loss_type: l2
optimizer: adam
trans_rep: tracknet
batch_size: 64
crop_ratio: 1.2
use_normal: false
BN_momentum: 0.1
max_num_key: null
warmup_step: -1
input_resize:
- 160
- 160
max_step_val: 1000
normal_uint8: false
vis_interval: 1000
weight_decay: 0
n_max_objects: null
normalize_xyz: true
clip_grad_norm: 'Infinity'
rot_normalizer: 0.3490658503988659
trans_normalizer:
- 0.019999999552965164
- 0.019999999552965164
- 0.05000000074505806
max_step_per_epoch: 25000
val_epoch_interval: 10
n_dataloader_workers: 60
enable_amp: true
use_mask: false

[__init__()] self.h5_file:
[__init__()] welcome
[__init__()] self.cfg: 
 lr: 0.0001
c_in: 6
zfar: .inf
debug: null
w_rot: 0.1
n_view: 1
run_id: null
use_BN: true
rot_rep: axis_angle
ckpt_dir: /mnt/why/dexycb_lip/third_party/FoundationPose/learning/training/../../weights/2023-10-28-18-33-37/model_best.pth
exp_name: 2023-10-28-18-33-37
save_dir: /tmp/2023-10-28-18-33-37/
loss_type: l2
optimizer: adam
trans_rep: tracknet
batch_size: 64
crop_ratio: 1.2
use_normal: false
BN_momentum: 0.1
max_num_key: null
warmup_step: -1
input_resize:
- 160
- 160
max_step_val: 1000
normal_uint8: false
vis_interval: 1000
weight_decay: 0
n_max_objects: null
normalize_xyz: true
clip_grad_norm: 'Infinity'
rot_normalizer: 0.3490658503988659
trans_normalizer:
- 0.019999999552965164
- 0.019999999552965164
- 0.05000000074505806
max_step_per_epoch: 25000
val_epoch_interval: 10
n_dataloader_workers: 60
enable_amp: true
use_mask: false

[__init__()] self.h5_file:
Warp 1.17.0 initialized:
   CUDA Toolkit 12.9, Driver 13.0
   Devices:
     "cpu"      : "x86_64"
     "cuda:0"   : "NVIDIA H20" (95 GiB, sm_90, mempool enabled)
     "cuda:1"   : "NVIDIA H20" (95 GiB, sm_90, mempool enabled)
     "cuda:2"   : "NVIDIA H20" (95 GiB, sm_90, mempool enabled)
     "cuda:3"   : "NVIDIA H20" (95 GiB, sm_90, mempool enabled)
     "cuda:4"   : "NVIDIA H20" (95 GiB, sm_90, mempool enabled)
     "cuda:5"   : "NVIDIA H20" (95 GiB, sm_90, mempool enabled)
     "cuda:6"   : "NVIDIA H20" (95 GiB, sm_90, mempool enabled)
     "cuda:7"   : "NVIDIA H20" (95 GiB, sm_90, mempool enabled)
   CUDA peer access:
     Supported fully (all-directional)
   Kernel cache:
     /root/.cache/warp/1.17.0
[__init__()] welcome
[__init__()] self.cfg: 
 lr: 0.0001
c_in: 6
zfar: .inf
debug: null
w_rot: 0.1
n_view: 1
run_id: null
use_BN: true
rot_rep: axis_angle
ckpt_dir: /mnt/why/dexycb_lip/third_party/FoundationPose/learning/training/../../weights/2023-10-28-18-33-37/model_best.pth
exp_name: 2023-10-28-18-33-37
save_dir: /tmp/2023-10-28-18-33-37/
loss_type: l2
optimizer: adam
trans_rep: tracknet
batch_size: 64
crop_ratio: 1.2
use_normal: false
BN_momentum: 0.1
max_num_key: null
warmup_step: -1
input_resize:
- 160
- 160
max_step_val: 1000
normal_uint8: false
vis_interval: 1000
weight_decay: 0
n_max_objects: null
normalize_xyz: true
clip_grad_norm: 'Infinity'
rot_normalizer: 0.3490658503988659
trans_normalizer:
- 0.019999999552965164
- 0.019999999552965164
- 0.05000000074505806
max_step_per_epoch: 25000
val_epoch_interval: 10
n_dataloader_workers: 60
enable_amp: true
use_mask: false

[__init__()] self.h5_file:
[__init__()] Using pretrained model from /mnt/why/dexycb_lip/third_party/FoundationPose/learning/training/../../weights/2023-10-28-18-33-37/model_best.pth
[__init__()] Using pretrained model from /mnt/why/dexycb_lip/third_party/FoundationPose/learning/training/../../weights/2023-10-28-18-33-37/model_best.pth
Warp 1.17.0 initialized:
   CUDA Toolkit 12.9, Driver 13.0
   Devices:
     "cpu"      : "x86_64"
     "cuda:0"   : "NVIDIA H20" (95 GiB, sm_90, mempool enabled)
     "cuda:1"   : "NVIDIA H20" (95 GiB, sm_90, mempool enabled)
     "cuda:2"   : "NVIDIA H20" (95 GiB, sm_90, mempool enabled)
     "cuda:3"   : "NVIDIA H20" (95 GiB, sm_90, mempool enabled)
     "cuda:4"   : "NVIDIA H20" (95 GiB, sm_90, mempool enabled)
     "cuda:5"   : "NVIDIA H20" (95 GiB, sm_90, mempool enabled)
     "cuda:6"   : "NVIDIA H20" (95 GiB, sm_90, mempool enabled)
     "cuda:7"   : "NVIDIA H20" (95 GiB, sm_90, mempool enabled)
   CUDA peer access:
     Supported fully (all-directional)
   Kernel cache:
     /root/.cache/warp/1.17.0
[__init__()] Using pretrained model from /mnt/why/dexycb_lip/third_party/FoundationPose/learning/training/../../weights/2023-10-28-18-33-37/model_best.pth
[__init__()] init done
{"fp_refiner_sha256": "774700586ddc435d408fc01c9809c43e151232936369dfbea0f0f964ba471d60", "fp_frozen": true, "rank": 0}
[__init__()] welcome
{"basin_critic_frozen": true, "basin_checkpoint_sha256": "d984e7dec99239610b338d53130c130a02eab9dfe3ac519ee4dade8615615a9a", "basin_quality_policy": "validated", "rank": 0}
[__init__()] self.cfg: 
 lr: 0.0001
c_in: 6
zfar: .inf
debug: null
w_rot: 0.1
n_view: 1
run_id: null
use_BN: true
rot_rep: axis_angle
ckpt_dir: /mnt/why/dexycb_lip/third_party/FoundationPose/learning/training/../../weights/2023-10-28-18-33-37/model_best.pth
exp_name: 2023-10-28-18-33-37
save_dir: /tmp/2023-10-28-18-33-37/
loss_type: l2
optimizer: adam
trans_rep: tracknet
batch_size: 64
crop_ratio: 1.2
use_normal: false
BN_momentum: 0.1
max_num_key: null
warmup_step: -1
input_resize:
- 160
- 160
max_step_val: 1000
normal_uint8: false
vis_interval: 1000
weight_decay: 0
n_max_objects: null
normalize_xyz: true
clip_grad_norm: 'Infinity'
rot_normalizer: 0.3490658503988659
trans_normalizer:
- 0.019999999552965164
- 0.019999999552965164
- 0.05000000074505806
max_step_per_epoch: 25000
val_epoch_interval: 10
n_dataloader_workers: 60
enable_amp: true
use_mask: false

[__init__()] self.h5_file:
[__init__()] Using pretrained model from /mnt/why/dexycb_lip/third_party/FoundationPose/learning/training/../../weights/2023-10-28-18-33-37/model_best.pth
[__init__()] init done
{"fp_refiner_sha256": "774700586ddc435d408fc01c9809c43e151232936369dfbea0f0f964ba471d60", "fp_frozen": true, "rank": 6}
{"basin_critic_frozen": true, "basin_checkpoint_sha256": "d984e7dec99239610b338d53130c130a02eab9dfe3ac519ee4dade8615615a9a", "basin_quality_policy": "validated", "rank": 6}
[__init__()] init done
{"fp_refiner_sha256": "774700586ddc435d408fc01c9809c43e151232936369dfbea0f0f964ba471d60", "fp_frozen": true, "rank": 5}
{"basin_critic_frozen": true, "basin_checkpoint_sha256": "d984e7dec99239610b338d53130c130a02eab9dfe3ac519ee4dade8615615a9a", "basin_quality_policy": "validated", "rank": 5}
[__init__()] init done
{"fp_refiner_sha256": "774700586ddc435d408fc01c9809c43e151232936369dfbea0f0f964ba471d60", "fp_frozen": true, "rank": 1}
[__init__()] init done
{"fp_refiner_sha256": "774700586ddc435d408fc01c9809c43e151232936369dfbea0f0f964ba471d60", "fp_frozen": true, "rank": 2}
{"basin_critic_frozen": true, "basin_checkpoint_sha256": "d984e7dec99239610b338d53130c130a02eab9dfe3ac519ee4dade8615615a9a", "basin_quality_policy": "validated", "rank": 1}
{"basin_critic_frozen": true, "basin_checkpoint_sha256": "d984e7dec99239610b338d53130c130a02eab9dfe3ac519ee4dade8615615a9a", "basin_quality_policy": "validated", "rank": 2}
[__init__()] init done
{"fp_refiner_sha256": "774700586ddc435d408fc01c9809c43e151232936369dfbea0f0f964ba471d60", "fp_frozen": true, "rank": 4}
{"basin_critic_frozen": true, "basin_checkpoint_sha256": "d984e7dec99239610b338d53130c130a02eab9dfe3ac519ee4dade8615615a9a", "basin_quality_policy": "validated", "rank": 4}
[__init__()] init done
{"fp_refiner_sha256": "774700586ddc435d408fc01c9809c43e151232936369dfbea0f0f964ba471d60", "fp_frozen": true, "rank": 7}
{"basin_critic_frozen": true, "basin_checkpoint_sha256": "d984e7dec99239610b338d53130c130a02eab9dfe3ac519ee4dade8615615a9a", "basin_quality_policy": "validated", "rank": 7}
[__init__()] init done
{"fp_refiner_sha256": "774700586ddc435d408fc01c9809c43e151232936369dfbea0f0f964ba471d60", "fp_frozen": true, "rank": 3}
{"basin_critic_frozen": true, "basin_checkpoint_sha256": "d984e7dec99239610b338d53130c130a02eab9dfe3ac519ee4dade8615615a9a", "basin_quality_policy": "validated", "rank": 3}
{"loss": 0.08233351819217205, "translation": 0.008219817420467734, "rotation": 0.07783930003643036, "points": 0.03450014255940914, "pose_loss": 0.08163960836827755, "basin_loss": 0.06939079612493515, "update_rotation_rad": 0.06640284135937691, "update_center_norm": 0.07324867602437735, "render_time": 1.2972320081898943, "forward_time": 0.8635546911973506, "backward_time": 1.1926297958707437, "fp_transition_time": 0.0, "rotation_clipped": 0.01953125, "translation_clipped": 0.00390625, "data_time": 0.059768727980554104, "step": 21531, "rank": 0, "run_id": "basin_speed_v1", "rollout": 4, "history_mode": "lip_only", "history_probs": [0.3759047619047619, 0.28795238095238096, 0.33614285714285713], "basin_weight": 0.01, "grad_norm": 0.5211638808250427, "scheduler_step": 21531, "sampler_position": 21531, "samples_seen": 5511936, "effective_batch": 256, "clips_per_sec": 7.6136294068192525, "observed_frames_per_sec": 243.63614101821608, "peak_memory_bytes": 19828496896, "elapsed": 4.202988915028982, "nonfinite_count": 0, "lrs": [5.3025151391763303e-05, 5.302515139176331e-06, 5.302515139176331e-06, 5.3025151391763303e-05]}
{"loss": 0.10689493827521801, "translation": 0.008770610904321074, "rotation": 0.11142581328749657, "points": 0.04152373317629099, "pose_loss": 0.10600725002586842, "basin_loss": 0.08876889944076538, "update_rotation_rad": 0.15600388124585152, "update_center_norm": 0.10119242407381535, "render_time": 0.957495933980681, "forward_time": 0.3408927470445633, "backward_time": 1.5974041189765558, "fp_transition_time": 0.0, "rotation_clipped": 0.01171875, "translation_clipped": 0.0, "data_time": 0.5194069659337401, "step": 21532, "rank": 0, "run_id": "basin_speed_v1", "rollout": 4, "history_mode": "noisy_gt", "history_probs": [0.3758952380952381, 0.28794761904761906, 0.3361571428571429], "basin_weight": 0.01, "grad_norm": 0.4788902699947357, "scheduler_step": 21532, "sampler_position": 21532, "samples_seen": 5512192, "effective_batch": 256, "clips_per_sec": 9.260175553228379, "observed_frames_per_sec": 296.3256177033081, "peak_memory_bytes": 19828496896, "elapsed": 3.4556580289499834, "nonfinite_count": 0, "lrs": [5.302143467569609e-05, 5.302143467569609e-06, 5.302143467569609e-06, 5.302143467569609e-05]}
Module Utils 65dffc6 load on device 'cuda:1' took 0.72 ms  (cached)
/usr/local/lib/python3.12/dist-packages/torch/__init__.py:1264: UserWarning: torch.set_default_tensor_type() is deprecated as of PyTorch 2.1, please use torch.set_default_dtype() and torch.set_default_device() as alternatives. (Triggered internally at /pytorch/torch/csrc/tensor/python_tensor.cpp:434.)
  _C._set_default_tensor_type(t)
/mnt/why/dexycb_lip/third_party/FoundationPose/learning/training/predict_pose_refine.py:190: FutureWarning: `torch.cuda.amp.autocast(args...)` is deprecated. Please use `torch.amp.autocast('cuda', args...)` instead.
  with torch.cuda.amp.autocast(enabled=self.amp):
Module Utils 65dffc6 load on device 'cuda:6' took 0.78 ms  (cached)
/usr/local/lib/python3.12/dist-packages/torch/__init__.py:1264: UserWarning: torch.set_default_tensor_type() is deprecated as of PyTorch 2.1, please use torch.set_default_dtype() and torch.set_default_device() as alternatives. (Triggered internally at /pytorch/torch/csrc/tensor/python_tensor.cpp:434.)
  _C._set_default_tensor_type(t)
/mnt/why/dexycb_lip/third_party/FoundationPose/learning/training/predict_pose_refine.py:190: FutureWarning: `torch.cuda.amp.autocast(args...)` is deprecated. Please use `torch.amp.autocast('cuda', args...)` instead.
  with torch.cuda.amp.autocast(enabled=self.amp):
Module Utils 65dffc6 load on device 'cuda:4' took 0.76 ms  (cached)
/usr/local/lib/python3.12/dist-packages/torch/__init__.py:1264: UserWarning: torch.set_default_tensor_type() is deprecated as of PyTorch 2.1, please use torch.set_default_dtype() and torch.set_default_device() as alternatives. (Triggered internally at /pytorch/torch/csrc/tensor/python_tensor.cpp:434.)
  _C._set_default_tensor_type(t)
/mnt/why/dexycb_lip/third_party/FoundationPose/learning/training/predict_pose_refine.py:190: FutureWarning: `torch.cuda.amp.autocast(args...)` is deprecated. Please use `torch.amp.autocast('cuda', args...)` instead.
  with torch.cuda.amp.autocast(enabled=self.amp):
Module Utils 65dffc6 load on device 'cuda:0' took 0.73 ms  (cached)
/usr/local/lib/python3.12/dist-packages/torch/__init__.py:1264: UserWarning: torch.set_default_tensor_type() is deprecated as of PyTorch 2.1, please use torch.set_default_dtype() and torch.set_default_device() as alternatives. (Triggered internally at /pytorch/torch/csrc/tensor/python_tensor.cpp:434.)
  _C._set_default_tensor_type(t)
/mnt/why/dexycb_lip/third_party/FoundationPose/learning/training/predict_pose_refine.py:190: FutureWarning: `torch.cuda.amp.autocast(args...)` is deprecated. Please use `torch.amp.autocast('cuda', args...)` instead.
  with torch.cuda.amp.autocast(enabled=self.amp):
Module Utils 65dffc6 load on device 'cuda:5' took 0.74 ms  (cached)
/usr/local/lib/python3.12/dist-packages/torch/__init__.py:1264: UserWarning: torch.set_default_tensor_type() is deprecated as of PyTorch 2.1, please use torch.set_default_dtype() and torch.set_default_device() as alternatives. (Triggered internally at /pytorch/torch/csrc/tensor/python_tensor.cpp:434.)
  _C._set_default_tensor_type(t)
/mnt/why/dexycb_lip/third_party/FoundationPose/learning/training/predict_pose_refine.py:190: FutureWarning: `torch.cuda.amp.autocast(args...)` is deprecated. Please use `torch.amp.autocast('cuda', args...)` instead.
  with torch.cuda.amp.autocast(enabled=self.amp):
Module Utils 65dffc6 load on device 'cuda:7' took 0.74 ms  (cached)
/usr/local/lib/python3.12/dist-packages/torch/__init__.py:1264: UserWarning: torch.set_default_tensor_type() is deprecated as of PyTorch 2.1, please use torch.set_default_dtype() and torch.set_default_device() as alternatives. (Triggered internally at /pytorch/torch/csrc/tensor/python_tensor.cpp:434.)
  _C._set_default_tensor_type(t)
/mnt/why/dexycb_lip/third_party/FoundationPose/learning/training/predict_pose_refine.py:190: FutureWarning: `torch.cuda.amp.autocast(args...)` is deprecated. Please use `torch.amp.autocast('cuda', args...)` instead.
  with torch.cuda.amp.autocast(enabled=self.amp):
Module Utils 65dffc6 load on device 'cuda:3' took 0.75 ms  (cached)
/usr/local/lib/python3.12/dist-packages/torch/__init__.py:1264: UserWarning: torch.set_default_tensor_type() is deprecated as of PyTorch 2.1, please use torch.set_default_dtype() and torch.set_default_device() as alternatives. (Triggered internally at /pytorch/torch/csrc/tensor/python_tensor.cpp:434.)
  _C._set_default_tensor_type(t)
/mnt/why/dexycb_lip/third_party/FoundationPose/learning/training/predict_pose_refine.py:190: FutureWarning: `torch.cuda.amp.autocast(args...)` is deprecated. Please use `torch.amp.autocast('cuda', args...)` instead.
  with torch.cuda.amp.autocast(enabled=self.amp):
Module Utils 65dffc6 load on device 'cuda:2' took 0.73 ms  (cached)
/usr/local/lib/python3.12/dist-packages/torch/__init__.py:1264: UserWarning: torch.set_default_tensor_type() is deprecated as of PyTorch 2.1, please use torch.set_default_dtype() and torch.set_default_device() as alternatives. (Triggered internally at /pytorch/torch/csrc/tensor/python_tensor.cpp:434.)
  _C._set_default_tensor_type(t)
/mnt/why/dexycb_lip/third_party/FoundationPose/learning/training/predict_pose_refine.py:190: FutureWarning: `torch.cuda.amp.autocast(args...)` is deprecated. Please use `torch.amp.autocast('cuda', args...)` instead.
  with torch.cuda.amp.autocast(enabled=self.amp):
{"loss": 0.10637358203530312, "translation": 0.009152533952146769, "rotation": 0.10953289829194546, "points": 0.041650544852018356, "pose_loss": 0.10556952655315399, "basin_loss": 0.08040555752813816, "update_rotation_rad": 0.09848027862608433, "update_center_norm": 0.09847349673509598, "render_time": 0.7673282888717949, "forward_time": 0.3375640120357275, "backward_time": 8.720901538035832, "fp_transition_time": 84.79804941324983, "rotation_clipped": 0.0, "translation_clipped": 0.0, "data_time": 0.6387481440324336, "step": 21533, "rank": 0, "run_id": "basin_speed_v1", "rollout": 4, "history_mode": "lip_fp", "history_probs": [0.3758857142857143, 0.2879428571428571, 0.33617142857142857], "basin_weight": 0.01, "grad_norm": 1.2410893440246582, "scheduler_step": 21533, "sampler_position": 21533, "samples_seen": 5512448, "effective_batch": 256, "clips_per_sec": 0.3357730709281024, "observed_frames_per_sec": 10.744738269699276, "peak_memory_bytes": 23056573952, "elapsed": 95.30246100900695, "nonfinite_count": 0, "lrs": [5.301771797315218e-05, 5.301771797315218e-06, 5.301771797315218e-06, 5.301771797315218e-05]}
{"loss": 0.10739785246551037, "translation": 0.011054599890485406, "rotation": 0.09925908781588078, "points": 0.04533565789461136, "pose_loss": 0.10601980239152908, "basin_loss": 0.1378050483763218, "update_rotation_rad": 0.10077136754989624, "update_center_norm": 0.12203942611813545, "render_time": 0.7486186609603465, "forward_time": 0.33709244115743786, "backward_time": 6.247881827875972, "fp_transition_time": 24.04972745163832, "rotation_clipped": 0.0, "translation_clipped": 0.0, "data_time": 0.8583097649971023, "step": 21534, "rank": 0, "run_id": "basin_speed_v1", "rollout": 4, "history_mode": "lip_fp", "history_probs": [0.37587619047619053, 0.28793809523809527, 0.3361857142857143], "basin_weight": 0.01, "grad_norm": 1.1585566997528076, "scheduler_step": 21534, "sampler_position": 21534, "samples_seen": 5512704, "effective_batch": 256, "clips_per_sec": 0.9913042328940428, "observed_frames_per_sec": 31.72173545260937, "peak_memory_bytes": 23878962688, "elapsed": 32.28070549701806, "nonfinite_count": 0, "lrs": [5.3014001284156976e-05, 5.301400128415698e-06, 5.301400128415698e-06, 5.3014001284156976e-05]}
{"loss": 0.081408959813416, "translation": 0.005832506460137665, "rotation": 0.0867369044572115, "points": 0.03159207012504339, "pose_loss": 0.08079302776604891, "basin_loss": 0.06159334164112806, "update_rotation_rad": 0.13265058398246765, "update_center_norm": 0.09389606304466724, "render_time": 0.9347446729661897, "forward_time": 0.33781937905587256, "backward_time": 1.423356003826484, "fp_transition_time": 0.0, "rotation_clipped": 0.00390625, "translation_clipped": 0.0, "data_time": 0.025184825994074345, "step": 21535, "rank": 0, "run_id": "basin_speed_v1", "rollout": 4, "history_mode": "noisy_gt", "history_probs": [0.3758666666666667, 0.2879333333333333, 0.3362], "basin_weight": 0.01, "grad_norm": 0.7568529844284058, "scheduler_step": 21535, "sampler_position": 21535, "samples_seen": 5512960, "effective_batch": 256, "clips_per_sec": 11.597509466170008, "observed_frames_per_sec": 371.12030291744026, "peak_memory_bytes": 25133369344, "elapsed": 2.759213095996529, "nonfinite_count": 0, "lrs": [5.301028460873587e-05, 5.3010284608735875e-06, 5.3010284608735875e-06, 5.301028460873587e-05]}
{"loss": 0.08435959555208683, "translation": 0.007845965446904302, "rotation": 0.08152462169528008, "points": 0.03512536361813545, "pose_loss": 0.08373364247381687, "basin_loss": 0.06259519793093204, "update_rotation_rad": 0.13154875487089157, "update_center_norm": 0.10211114212870598, "render_time": 0.8914522788254544, "forward_time": 0.3374539370415732, "backward_time": 1.4031804781407118, "fp_transition_time": 0.0, "rotation_clipped": 0.0, "translation_clipped": 0.0, "data_time": 1.0034002129686996, "step": 21536, "rank": 0, "run_id": "basin_speed_v1", "rollout": 4, "history_mode": "noisy_gt", "history_probs": [0.37585714285714283, 0.28792857142857137, 0.3362142857142857], "basin_weight": 0.01, "grad_norm": 1.0268720388412476, "scheduler_step": 21536, "sampler_position": 21536, "samples_seen": 5513216, "effective_batch": 256, "clips_per_sec": 8.711071414216404, "observed_frames_per_sec": 278.7542852549249, "peak_memory_bytes": 25133377536, "elapsed": 3.6734861279837787, "nonfinite_count": 0, "lrs": [5.30065679469143e-05, 5.30065679469143e-06, 5.30065679469143e-06, 5.30065679469143e-05]}
{"loss": 0.09346289560198784, "translation": 0.006623336696065962, "rotation": 0.10322121903300285, "points": 0.03430803585797548, "pose_loss": 0.09254198707640171, "basin_loss": 0.09209077805280685, "update_rotation_rad": 0.08651281334459782, "update_center_norm": 0.07563708908855915, "render_time": 0.8764416628982872, "forward_time": 0.3371223967988044, "backward_time": 1.332285679760389, "fp_transition_time": 0.0, "rotation_clipped": 0.01171875, "translation_clipped": 0.0, "data_time": 0.992681581992656, "step": 21537, "rank": 0, "run_id": "basin_speed_v1", "rollout": 4, "history_mode": "lip_only", "history_probs": [0.3758476190476191, 0.28792380952380947, 0.33622857142857143], "basin_weight": 0.01, "grad_norm": 0.6748553514480591, "scheduler_step": 21537, "sampler_position": 21537, "samples_seen": 5513472, "effective_batch": 256, "clips_per_sec": 8.935787780142773, "observed_frames_per_sec": 285.94520896456874, "peak_memory_bytes": 25135368192, "elapsed": 3.5811056380625814, "nonfinite_count": 0, "lrs": [5.300285129871766e-05, 5.300285129871766e-06, 5.300285129871766e-06, 5.300285129871766e-05]}
{"loss": 0.11934873089194298, "translation": 0.01504081953316927, "rotation": 0.10367660224437714, "points": 0.05136393383145332, "pose_loss": 0.11824305914342403, "basin_loss": 0.11056739091873169, "update_rotation_rad": 0.06851021479815245, "update_center_norm": 0.050094093196094036, "render_time": 0.8161943039158359, "forward_time": 0.339500772068277, "backward_time": 1.5509230509633198, "fp_transition_time": 0.0, "rotation_clipped": 0.0, "translation_clipped": 0.0, "data_time": 0.9788327360292897, "step": 21538, "rank": 0, "run_id": "basin_speed_v1", "rollout": 4, "history_mode": "lip_only", "history_probs": [0.37583809523809525, 0.28791904761904763, 0.3362428571428571], "basin_weight": 0.01, "grad_norm": 0.5020383596420288, "scheduler_step": 21538, "sampler_position": 21538, "samples_seen": 5513728, "effective_batch": 256, "clips_per_sec": 8.586605582188996, "observed_frames_per_sec": 274.7713786300479, "peak_memory_bytes": 25135368192, "elapsed": 3.726734586060047, "nonfinite_count": 0, "lrs": [5.2999134664171326e-05, 5.299913466417133e-06, 5.299913466417133e-06, 5.2999134664171326e-05]}
{"loss": 0.09715810604393482, "translation": 0.006690931157208979, "rotation": 0.10379149578511715, "points": 0.037888165563344955, "pose_loss": 0.09647484682500362, "basin_loss": 0.06832587253302336, "update_rotation_rad": 0.12947306409478188, "update_center_norm": 0.09690766781568527, "render_time": 0.8286879520164803, "forward_time": 0.33834784000646323, "backward_time": 1.4048737769480795, "fp_transition_time": 0.0, "rotation_clipped": 0.03125, "translation_clipped": 0.0, "data_time": 0.8967958850553259, "step": 21539, "rank": 0, "run_id": "basin_speed_v1", "rollout": 4, "history_mode": "lip_only", "history_probs": [0.37582857142857146, 0.2879142857142857, 0.3362571428571428], "basin_weight": 0.01, "grad_norm": 1.090818166732788, "scheduler_step": 21539, "sampler_position": 21539, "samples_seen": 5513984, "effective_batch": 256, "clips_per_sec": 9.113844663352715, "observed_frames_per_sec": 291.6430292272869, "peak_memory_bytes": 25135368192, "elapsed": 3.5111416950821877, "nonfinite_count": 0, "lrs": [5.299541804330072e-05, 5.299541804330072e-06, 5.299541804330072e-06, 5.299541804330072e-05]}
{"loss": 0.08611131459474564, "translation": 0.007065853336825967, "rotation": 0.08544823341071606, "points": 0.03559722937643528, "pose_loss": 0.08538719639182091, "basin_loss": 0.07241190038621426, "update_rotation_rad": 0.12423743680119514, "update_center_norm": 0.0734772477298975, "render_time": 0.899016153998673, "forward_time": 0.3401045190403238, "backward_time": 1.5879595908336341, "fp_transition_time": 0.0, "rotation_clipped": 0.0, "translation_clipped": 0.0, "data_time": 1.0447730530286208, "step": 21540, "rank": 0, "run_id": "basin_speed_v1", "rollout": 4, "history_mode": "noisy_gt", "history_probs": [0.37581904761904766, 0.2879095238095238, 0.33627142857142855], "basin_weight": 0.01, "grad_norm": 0.688525915145874, "scheduler_step": 21540, "sampler_position": 21540, "samples_seen": 5514240, "effective_batch": 256, "clips_per_sec": 8.18243275916995, "observed_frames_per_sec": 261.8378482934384, "peak_memory_bytes": 25135368192, "elapsed": 3.9108173500280827, "nonfinite_count": 0, "lrs": [5.2991701436131246e-05, 5.299170143613125e-06, 5.299170143613125e-06, 5.2991701436131246e-05]}
{"loss": 0.1024676188826561, "translation": 0.008826153818517923, "rotation": 0.10393393225967884, "points": 0.04028270021080971, "pose_loss": 0.10107582062482834, "basin_loss": 0.13917971402406693, "update_rotation_rad": 0.13553595915436745, "update_center_norm": 0.09576636552810669, "render_time": 0.9081013009417802, "forward_time": 0.3415588710922748, "backward_time": 1.6088351549115032, "fp_transition_time": 0.0, "rotation_clipped": 0.0, "translation_clipped": 0.0, "data_time": 0.7367655440466478, "step": 21541, "rank": 0, "run_id": "basin_speed_v1", "rollout": 4, "history_mode": "noisy_gt", "history_probs": [0.37580952380952387, 0.28790476190476194, 0.3362857142857143], "basin_weight": 0.01, "grad_norm": 0.4579766094684601, "scheduler_step": 21541, "sampler_position": 21541, "samples_seen": 5514496, "effective_batch": 256, "clips_per_sec": 8.80090917992787, "observed_frames_per_sec": 281.62909375769186, "peak_memory_bytes": 25135368192, "elapsed": 3.6359879809897393, "nonfinite_count": 0, "lrs": [5.298798484268832e-05, 5.298798484268832e-06, 5.298798484268832e-06, 5.298798484268832e-05]}
{"loss": 0.08901046775281429, "translation": 0.008087373455055058, "rotation": 0.0844821035861969, "points": 0.03800706937909126, "pose_loss": 0.08833549544215202, "basin_loss": 0.06749709695577621, "update_rotation_rad": 0.10873229056596756, "update_center_norm": 0.12365868501365185, "render_time": 0.914961151080206, "forward_time": 0.33637494104914367, "backward_time": 1.3550079109845683, "fp_transition_time": 0.0, "rotation_clipped": 0.0, "translation_clipped": 0.0078125, "data_time": 0.9569552149623632, "step": 21542, "rank": 0, "run_id": "basin_speed_v1", "rollout": 4, "history_mode": "noisy_gt", "history_probs": [0.3758, 0.2879, 0.3363], "basin_weight": 0.01, "grad_norm": 0.661924421787262, "scheduler_step": 21542, "sampler_position": 21542, "samples_seen": 5514752, "effective_batch": 256, "clips_per_sec": 8.877432576883255, "observed_frames_per_sec": 284.07784246026415, "peak_memory_bytes": 25135368192, "elapsed": 3.604645794024691, "nonfinite_count": 0, "lrs": [5.2984268262997306e-05, 5.298426826299731e-06, 5.298426826299731e-06, 5.2984268262997306e-05]}
{"loss": 0.08906991966068745, "translation": 0.0072350839618593454, "rotation": 0.09403935819864273, "points": 0.03417909191921353, "pose_loss": 0.08843385614454746, "basin_loss": 0.06360634882003069, "update_rotation_rad": 0.13276363350450993, "update_center_norm": 0.08059019036591053, "render_time": 0.9666601850185543, "forward_time": 0.3431023359298706, "backward_time": 1.2462757438188419, "fp_transition_time": 0.0, "rotation_clipped": 0.0, "translation_clipped": 0.0078125, "data_time": 1.2530527669005096, "step": 21543, "rank": 0, "run_id": "basin_speed_v1", "rollout": 4, "history_mode": "noisy_gt", "history_probs": [0.3757904761904762, 0.28789523809523804, 0.3363142857142857], "basin_weight": 0.01, "grad_norm": 0.7028931975364685, "scheduler_step": 21543, "sampler_position": 21543, "samples_seen": 5515008, "effective_batch": 256, "clips_per_sec": 8.308208410933101, "observed_frames_per_sec": 265.86266914985924, "peak_memory_bytes": 25135368192, "elapsed": 3.851612576050684, "nonfinite_count": 0, "lrs": [5.2980551697083645e-05, 5.298055169708365e-06, 5.298055169708365e-06, 5.2980551697083645e-05]}
{"loss": 0.09917725995182991, "translation": 0.007888431893661618, "rotation": 0.10190696455538273, "points": 0.039659468457102776, "pose_loss": 0.09850138984620571, "basin_loss": 0.06758702266961336, "update_rotation_rad": 0.12166612781584263, "update_center_norm": 0.13006984256207943, "render_time": 0.9657728429883718, "forward_time": 0.34285228920634836, "backward_time": 1.1737848370103166, "fp_transition_time": 0.0, "rotation_clipped": 0.00390625, "translation_clipped": 0.02734375, "data_time": 1.1423346840310842, "step": 21544, "rank": 0, "run_id": "basin_speed_v1", "rollout": 4, "history_mode": "noisy_gt", "history_probs": [0.3757809523809524, 0.2878904761904762, 0.3363285714285714], "basin_weight": 0.01, "grad_norm": 0.39463868737220764, "scheduler_step": 21544, "sampler_position": 21544, "samples_seen": 5515264, "effective_batch": 256, "clips_per_sec": 8.726704384893019, "observed_frames_per_sec": 279.2545403165766, "peak_memory_bytes": 25135368192, "elapsed": 3.666905464953743, "nonfinite_count": 0, "lrs": [5.297683514497271e-05, 5.297683514497271e-06, 5.297683514497271e-06, 5.297683514497271e-05]}
{"loss": 0.0916905365884304, "translation": 0.008595002233050764, "rotation": 0.08921632543206215, "points": 0.037708332762122154, "pose_loss": 0.09091149643063545, "basin_loss": 0.07790408842265606, "update_rotation_rad": 0.14094188064336777, "update_center_norm": 0.11797611601650715, "render_time": 0.9078235630877316, "forward_time": 0.3370280232047662, "backward_time": 1.281647438998334, "fp_transition_time": 0.0, "rotation_clipped": 0.03125, "translation_clipped": 0.0, "data_time": 1.2489396020537242, "step": 21545, "rank": 0, "run_id": "basin_speed_v1", "rollout": 4, "history_mode": "noisy_gt", "history_probs": [0.3757714285714286, 0.2878857142857143, 0.33634285714285717], "basin_weight": 0.01, "grad_norm": 0.4204087257385254, "scheduler_step": 21545, "sampler_position": 21545, "samples_seen": 5515520, "effective_batch": 256, "clips_per_sec": 8.386790275823307, "observed_frames_per_sec": 268.3772888263458, "peak_memory_bytes": 25135368192, "elapsed": 3.8155240500345826, "nonfinite_count": 0, "lrs": [5.297311860668992e-05, 5.297311860668992e-06, 5.297311860668992e-06, 5.297311860668992e-05]}
{"loss": 0.09097111225128174, "translation": 0.007256855838932097, "rotation": 0.09179508499801159, "points": 0.036919185891747475, "pose_loss": 0.09007358364760876, "basin_loss": 0.08975284919142723, "update_rotation_rad": 0.11988769099116325, "update_center_norm": 0.07598691619932652, "render_time": 0.9148946829373017, "forward_time": 0.33920242288149893, "backward_time": 1.0754359429702163, "fp_transition_time": 0.0, "rotation_clipped": 0.0, "translation_clipped": 0.0, "data_time": 1.182517635053955, "step": 21546, "rank": 0, "run_id": "basin_speed_v1", "rollout": 4, "history_mode": "noisy_gt", "history_probs": [0.3757619047619048, 0.28788095238095235, 0.33635714285714285], "basin_weight": 0.01, "grad_norm": 0.6025891900062561, "scheduler_step": 21546, "sampler_position": 21546, "samples_seen": 5515776, "effective_batch": 256, "clips_per_sec": 9.008588100792503, "observed_frames_per_sec": 288.2748192253601, "peak_memory_bytes": 25135368192, "elapsed": 3.5521659600781277, "nonfinite_count": 0, "lrs": [5.296940208226069e-05, 5.296940208226069e-06, 5.296940208226069e-06, 5.296940208226069e-05]}
