{
  "train": {
    "total": 270336,
    "moving": 185528,
    "occluded": 7579,
    "unknown_visibility": 2666,
    "moving_center_d": 0.05,
    "moving_rotation_deg": 5,
    "heavy_visibility": 0.3
  },
  "val": {
    "total": 22432,
    "moving": 16496,
    "occluded": 633,
    "unknown_visibility": 325,
    "moving_center_d": 0.05,
    "moving_rotation_deg": 5,
    "heavy_visibility": 0.3
  },
  "motion": {
    "source": "train transitions only",
    "split_hash": "d67ff06d5f211531a9faf29731716bb5521818bc6a6c212849f49fd1124db4f7",
    "quantile": 0.75,
    "transitions": 137472,
    "center_d_per_sec": 1.4606834650039673,
    "rotation_rad_per_sec": 1.410051703453064
  }
}
