[__init__()] welcome
[__init__()] self.cfg: 
 lr: 0.0001
c_in: 6
zfar: .inf
debug: null
w_rot: 0.1
n_view: 1
run_id: null
use_BN: true
rot_rep: axis_angle
ckpt_dir: /mnt/why/dexycb_lip/third_party/FoundationPose/learning/training/../../weights/2023-10-28-18-33-37/model_best.pth
exp_name: 2023-10-28-18-33-37
save_dir: /tmp/2023-10-28-18-33-37/
loss_type: l2
optimizer: adam
trans_rep: tracknet
batch_size: 64
crop_ratio: 1.2
use_normal: false
BN_momentum: 0.1
max_num_key: null
warmup_step: -1
input_resize:
- 160
- 160
max_step_val: 1000
normal_uint8: false
vis_interval: 1000
weight_decay: 0
n_max_objects: null
normalize_xyz: true
clip_grad_norm: 'Infinity'
rot_normalizer: 0.3490658503988659
trans_normalizer:
- 0.019999999552965164
- 0.019999999552965164
- 0.05000000074505806
max_step_per_epoch: 25000
val_epoch_interval: 10
n_dataloader_workers: 60
enable_amp: true
use_mask: false

[__init__()] self.h5_file:
[__init__()] Using pretrained model from /mnt/why/dexycb_lip/third_party/FoundationPose/learning/training/../../weights/2023-10-28-18-33-37/model_best.pth
[__init__()] init done
/usr/local/lib/python3.12/dist-packages/torch/__init__.py:1264: UserWarning: torch.set_default_tensor_type() is deprecated as of PyTorch 2.1, please use torch.set_default_dtype() and torch.set_default_device() as alternatives. (Triggered internally at /pytorch/torch/csrc/tensor/python_tensor.cpp:434.)
  _C._set_default_tensor_type(t)
/mnt/why/dexycb_lip/third_party/FoundationPose/learning/training/predict_pose_refine.py:190: FutureWarning: `torch.cuda.amp.autocast(args...)` is deprecated. Please use `torch.amp.autocast('cuda', args...)` instead.
  with torch.cuda.amp.autocast(enabled=self.amp):
Warp 1.17.0 initialized:
   CUDA Toolkit 12.9, Driver 13.0
   Devices:
     "cpu"      : "x86_64"
     "cuda:0"   : "NVIDIA H20" (95 GiB, sm_90, mempool enabled)
   Kernel cache:
     /root/.cache/warp/1.17.0
Module Utils 65dffc6 load on device 'cuda:0' took 1.90 ms  (cached)
{"object_id": 1, "mesh_path": "models/002_master_chef_can/textured_simple.obj", "stream_id": "20200709-subject-01/20200709_142123/840412060917", "frame_index": 2, "visibility": 0.9997026022304832, "moving": false, "diameter_m": 0.17206263542175293, "before": {"center_mm": 0.0, "rotation_deg": 0.0, "add_m": 0.0, "adds_m": 0.0, "add_005": 1.0, "add_01": 1.0, "adds_005": 1.0, "adds_01": 1.0}, "after": {"center_mm": 3.412091050721116, "rotation_deg": 6.741898174088029, "add_m": 0.006115347725531038, "adds_m": 0.0022676706179054285, "add_005": 1.0, "add_01": 1.0, "adds_005": 1.0, "adds_01": 1.0}, "signed_error_xyz_mm": [1.3175606727600098, -3.1131479740142822, -0.4633665084838867], "inner_pose_max_abs": 0.0, "roundtrip_max_abs": 0.0}
{"object_id": 2, "mesh_path": "models/003_cracker_box/textured_simple.obj", "stream_id": "20200813-subject-02/20200813_145920/932122060861", "frame_index": 20, "visibility": 0.9370871101551698, "moving": false, "diameter_m": 0.26957330107688904, "before": {"center_mm": 0.0, "rotation_deg": 0.0, "add_m": 0.0, "adds_m": 0.0, "add_005": 1.0, "add_01": 1.0, "adds_005": 1.0, "adds_01": 1.0}, "after": {"center_mm": 7.877335133689957, "rotation_deg": 1.152393750575442, "add_m": 0.00793411946014959, "adds_m": 0.00356503545874685, "add_005": 1.0, "add_01": 1.0, "adds_005": 1.0, "adds_01": 1.0}, "signed_error_xyz_mm": [-1.6546025276184082, 4.145249843597412, 6.490886211395264], "inner_pose_max_abs": 0.0, "roundtrip_max_abs": 0.0}
{"object_id": 3, "mesh_path": "models/004_sugar_box/textured_simple.obj", "stream_id": "20200813-subject-02/20200813_150228/840412060917", "frame_index": 6, "visibility": 0.9634076615208691, "moving": false, "diameter_m": 0.1983765810728073, "before": {"center_mm": 0.0, "rotation_deg": 0.0, "add_m": 0.0, "adds_m": 0.0, "add_005": 1.0, "add_01": 1.0, "adds_005": 1.0, "adds_01": 1.0}, "after": {"center_mm": 2.249851664611209, "rotation_deg": 0.47434072652233683, "add_m": 0.002267720207202569, "adds_m": 0.001520419835008547, "add_005": 1.0, "add_01": 1.0, "adds_005": 1.0, "adds_01": 1.0}, "signed_error_xyz_mm": [2.213858127593994, 0.37860870361328125, 0.1316070556640625], "inner_pose_max_abs": 0.0, "roundtrip_max_abs": 0.0}
{"object_id": 4, "mesh_path": "models/005_tomato_soup_can/textured_simple.obj", "stream_id": "20200709-subject-01/20200709_143125/932122061900", "frame_index": 65, "visibility": 0.9921966445571596, "moving": false, "diameter_m": 0.12054342776536942, "before": {"center_mm": 0.0, "rotation_deg": 0.0, "add_m": 0.0, "adds_m": 0.0, "add_005": 1.0, "add_01": 1.0, "adds_005": 1.0, "adds_01": 1.0}, "after": {"center_mm": 1.5741131871101903, "rotation_deg": 2.9117481434808594, "add_m": 0.0020488601348815404, "adds_m": 0.0011770051890215522, "add_005": 1.0, "add_01": 1.0, "adds_005": 1.0, "adds_01": 1.0}, "signed_error_xyz_mm": [0.14875783026218414, 0.9150728583335876, 1.272141933441162], "inner_pose_max_abs": 4.656612873077393e-10, "roundtrip_max_abs": 0.0}
{"object_id": 5, "mesh_path": "models/006_mustard_bottle/textured_simple.obj", "stream_id": "20200813-subject-02/20200813_150823/836212060125", "frame_index": 4, "visibility": 0.9997589199614272, "moving": false, "diameter_m": 0.19646325707435608, "before": {"center_mm": 0.0, "rotation_deg": 0.0, "add_m": 0.0, "adds_m": 0.0, "add_005": 1.0, "add_01": 1.0, "adds_005": 1.0, "adds_01": 1.0}, "after": {"center_mm": 1.738940644017468, "rotation_deg": 2.1430769690485647, "add_m": 0.002710629387345727, "adds_m": 0.0016181516796386335, "add_005": 1.0, "add_01": 1.0, "adds_005": 1.0, "adds_01": 1.0}, "signed_error_xyz_mm": [1.504167914390564, 0.7299482822418213, -0.4780888557434082], "inner_pose_max_abs": 0.0, "roundtrip_max_abs": 0.0}
{"object_id": 6, "mesh_path": "models/007_tuna_fish_can/textured_simple.obj", "stream_id": "20200813-subject-02/20200813_151117/932122061900", "frame_index": 2, "visibility": 1.0, "moving": false, "diameter_m": 0.08979703485965729, "before": {"center_mm": 0.0, "rotation_deg": 0.0, "add_m": 0.0, "adds_m": 0.0, "add_005": 1.0, "add_01": 1.0, "adds_005": 1.0, "adds_01": 1.0}, "after": {"center_mm": 14.8543853473284, "rotation_deg": 2.1905364399147573, "add_m": 0.014902377666210736, "adds_m": 0.00865526596930929, "add_005": 0.0, "add_01": 0.0, "adds_005": 0.0, "adds_01": 1.0}, "signed_error_xyz_mm": [-1.3113617897033691, 3.42753529548645, 14.393925666809082], "inner_pose_max_abs": 0.0, "roundtrip_max_abs": 0.0}
{"object_id": 7, "mesh_path": "models/008_pudding_box/textured_simple.obj", "stream_id": "20200709-subject-01/20200709_144313/840412060917", "frame_index": 5, "visibility": 0.9991426121749071, "moving": false, "diameter_m": 0.1425434947013855, "before": {"center_mm": 0.0, "rotation_deg": 0.0, "add_m": 0.0, "adds_m": 0.0, "add_005": 1.0, "add_01": 1.0, "adds_005": 1.0, "adds_01": 1.0}, "after": {"center_mm": 9.93546451906325, "rotation_deg": 2.4481385333655625, "add_m": 0.01007045831440667, "adds_m": 0.005200743565313308, "add_005": 0.0, "add_01": 1.0, "adds_005": 1.0, "adds_01": 1.0}, "signed_error_xyz_mm": [-0.912696123123169, -2.947725296020508, 9.444117546081543], "inner_pose_max_abs": 0.0, "roundtrip_max_abs": 0.0}
{"object_id": 8, "mesh_path": "models/009_gelatin_box/textured_simple.obj", "stream_id": "20200813-subject-02/20200813_152215/932122060857", "frame_index": 12, "visibility": 0.9988884772137829, "moving": false, "diameter_m": 0.11405334621667862, "before": {"center_mm": 0.0, "rotation_deg": 0.0, "add_m": 0.0, "adds_m": 0.0, "add_005": 1.0, "add_01": 1.0, "adds_005": 1.0, "adds_01": 1.0}, "after": {"center_mm": 6.975687693387796, "rotation_deg": 2.056678439463619, "add_m": 0.007019943775888265, "adds_m": 0.0033394066346374425, "add_005": 0.0, "add_01": 1.0, "adds_005": 1.0, "adds_01": 1.0}, "signed_error_xyz_mm": [3.5861432552337646, 4.752814769744873, 3.634631633758545], "inner_pose_max_abs": 0.0, "roundtrip_max_abs": 0.0}
{"object_id": 9, "mesh_path": "models/010_potted_meat_can/textured_simple.obj", "stream_id": "20200709-subject-01/20200709_145132/932122060857", "frame_index": 13, "visibility": 0.9292035398230089, "moving": false, "diameter_m": 0.12953992187976837, "before": {"center_mm": 0.0, "rotation_deg": 0.0, "add_m": 0.0, "adds_m": 0.0, "add_005": 1.0, "add_01": 1.0, "adds_005": 1.0, "adds_01": 1.0}, "after": {"center_mm": 1.3152961018419302, "rotation_deg": 2.9969153652238165, "add_m": 0.002193415720559805, "adds_m": 0.0013631793894897388, "add_005": 1.0, "add_01": 1.0, "adds_005": 1.0, "adds_01": 1.0}, "signed_error_xyz_mm": [-0.3193467855453491, 1.0943114757537842, 0.6561279296875], "inner_pose_max_abs": 0.0, "roundtrip_max_abs": 0.0}
{"object_id": 10, "mesh_path": "models/011_banana/textured_simple.obj", "stream_id": "20200709-subject-01/20200709_145743/839512060362", "frame_index": 20, "visibility": 0.9994815966822188, "moving": false, "diameter_m": 0.1977948695421219, "before": {"center_mm": 0.0, "rotation_deg": 0.0, "add_m": 0.0, "adds_m": 0.0, "add_005": 1.0, "add_01": 1.0, "adds_005": 1.0, "adds_01": 1.0}, "after": {"center_mm": 3.3581728671090914, "rotation_deg": 5.473507799716458, "add_m": 0.003778516555362341, "adds_m": 0.002258303817556598, "add_005": 1.0, "add_01": 1.0, "adds_005": 1.0, "adds_01": 1.0}, "signed_error_xyz_mm": [-2.479374408721924, -2.1353065967559814, -0.75531005859375], "inner_pose_max_abs": 0.0, "roundtrip_max_abs": 0.0}
{"object_id": 11, "mesh_path": "models/019_pitcher_base/textured_simple.obj", "stream_id": "20200813-subject-02/20200813_153152/836212060125", "frame_index": 38, "visibility": 0.9154661749452576, "moving": false, "diameter_m": 0.2595340609550476, "before": {"center_mm": 0.0, "rotation_deg": 0.0, "add_m": 0.0, "adds_m": 0.0, "add_005": 1.0, "add_01": 1.0, "adds_005": 1.0, "adds_01": 1.0}, "after": {"center_mm": 1.8224857201422817, "rotation_deg": 0.7039370428456151, "add_m": 0.0021417219405767867, "adds_m": 0.0017016065572402414, "add_005": 1.0, "add_01": 1.0, "adds_005": 1.0, "adds_01": 1.0}, "signed_error_xyz_mm": [-1.5101879835128784, 0.9504407644271851, -0.3707408905029297], "inner_pose_max_abs": 0.0, "roundtrip_max_abs": 0.0}
{"object_id": 12, "mesh_path": "models/021_bleach_cleanser/textured_simple.obj", "stream_id": "20200813-subject-02/20200813_153453/932122062010", "frame_index": 6, "visibility": 0.9998676198040773, "moving": false, "diameter_m": 0.2595660388469696, "before": {"center_mm": 0.0, "rotation_deg": 0.0, "add_m": 0.0, "adds_m": 0.0, "add_005": 1.0, "add_01": 1.0, "adds_005": 1.0, "adds_01": 1.0}, "after": {"center_mm": 14.314688297935891, "rotation_deg": 2.4361941438661745, "add_m": 0.014138419896936177, "adds_m": 0.007005425000088941, "add_005": 0.0, "add_01": 1.0, "adds_005": 1.0, "adds_01": 1.0}, "signed_error_xyz_mm": [3.233328342437744, 1.764729619026184, 13.83262825012207], "inner_pose_max_abs": 0.0, "roundtrip_max_abs": 0.0}
{"object_id": 13, "mesh_path": "models/024_bowl/textured_simple.obj", "stream_id": "20200813-subject-02/20200813_153802/932122060857", "frame_index": 29, "visibility": 0.9316484778862723, "moving": false, "diameter_m": 0.16192157566547394, "before": {"center_mm": 0.0, "rotation_deg": 0.0, "add_m": 0.0, "adds_m": 0.0, "add_005": 1.0, "add_01": 1.0, "adds_005": 1.0, "adds_01": 1.0}, "after": {"center_mm": 6.122418173042735, "rotation_deg": 16.732114919695835, "add_m": 0.01818476160102878, "adds_m": 0.0033673569959909192, "add_005": 0.0, "add_01": 0.0, "adds_005": 1.0, "adds_01": 1.0}, "signed_error_xyz_mm": [0.10500848293304443, 1.8981397151947021, 5.819797515869141], "inner_pose_max_abs": 0.0, "roundtrip_max_abs": 0.0}
{"object_id": 14, "mesh_path": "models/025_mug/textured_simple.obj", "stream_id": "20200813-subject-02/20200813_154103/932122060861", "frame_index": 15, "visibility": 0.9995678478824547, "moving": false, "diameter_m": 0.12498999387025833, "before": {"center_mm": 0.0, "rotation_deg": 0.0, "add_m": 0.0, "adds_m": 0.0, "add_005": 1.0, "add_01": 1.0, "adds_005": 1.0, "adds_01": 1.0}, "after": {"center_mm": 35.07542335918995, "rotation_deg": 19.49223617773572, "add_m": 0.03683032646581882, "adds_m": 0.015531870265017688, "add_005": 0.0, "add_01": 0.0, "adds_005": 0.0, "adds_01": 0.0}, "signed_error_xyz_mm": [-5.570679664611816, 7.250219345092773, 33.862770080566406], "inner_pose_max_abs": 0.0, "roundtrip_max_abs": 0.0}
{"object_id": 15, "mesh_path": "models/035_power_drill/textured_simple.obj", "stream_id": "20200813-subject-02/20200813_154408/932122060857", "frame_index": 8, "visibility": 0.999645390070922, "moving": false, "diameter_m": 0.2261696755886078, "before": {"center_mm": 0.0, "rotation_deg": 0.0, "add_m": 0.0, "adds_m": 0.0, "add_005": 1.0, "add_01": 1.0, "adds_005": 1.0, "adds_01": 1.0}, "after": {"center_mm": 22.04717730521638, "rotation_deg": 2.9958088811031485, "add_m": 0.021233535628011595, "adds_m": 0.01205873762016624, "add_005": 0.0, "add_01": 1.0, "adds_005": 0.0, "adds_01": 1.0}, "signed_error_xyz_mm": [-0.3934241831302643, 10.265231132507324, 19.507646560668945], "inner_pose_max_abs": 0.0, "roundtrip_max_abs": 0.0}
{"object_id": 16, "mesh_path": "models/036_wood_block/textured_simple.obj", "stream_id": "20200813-subject-02/20200813_154729/932122060857", "frame_index": 18, "visibility": 0.999874686716792, "moving": false, "diameter_m": 0.2372986376285553, "before": {"center_mm": 0.0, "rotation_deg": 0.0, "add_m": 0.0, "adds_m": 0.0, "add_005": 1.0, "add_01": 1.0, "adds_005": 1.0, "adds_01": 1.0}, "after": {"center_mm": 12.437709413213351, "rotation_deg": 2.639892232913742, "add_m": 0.01261820286907577, "adds_m": 0.006685681453488938, "add_005": 0.0, "add_01": 1.0, "adds_005": 1.0, "adds_01": 1.0}, "signed_error_xyz_mm": [4.373922824859619, 6.4080657958984375, 9.721220016479492], "inner_pose_max_abs": 0.0, "roundtrip_max_abs": 0.0}
{"object_id": 17, "mesh_path": "models/037_scissors/textured_simple.obj", "stream_id": "20200813-subject-02/20200813_155021/836212060125", "frame_index": 63, "visibility": 0.9516994633273703, "moving": false, "diameter_m": 0.20397299528121948, "before": {"center_mm": 0.0, "rotation_deg": 0.0, "add_m": 0.0, "adds_m": 0.0, "add_005": 1.0, "add_01": 1.0, "adds_005": 1.0, "adds_01": 1.0}, "after": {"center_mm": 8.683226956093046, "rotation_deg": 0.30118567850501937, "add_m": 0.008693396764698989, "adds_m": 0.003336342195814328, "add_005": 1.0, "add_01": 1.0, "adds_005": 1.0, "adds_01": 1.0}, "signed_error_xyz_mm": [-1.949891448020935, 3.818892002105713, 7.550656795501709], "inner_pose_max_abs": 1.4901161193847656e-08, "roundtrip_max_abs": 1.4901161193847656e-08}
{"object_id": 18, "mesh_path": "models/040_large_marker/textured_simple.obj", "stream_id": "20200709-subject-01/20200709_152757/840412060917", "frame_index": 15, "visibility": 0.9893992932862191, "moving": false, "diameter_m": 0.12136488407850266, "before": {"center_mm": 0.0, "rotation_deg": 0.0, "add_m": 0.0, "adds_m": 0.0, "add_005": 1.0, "add_01": 1.0, "adds_005": 1.0, "adds_01": 1.0}, "after": {"center_mm": 4.567079920869079, "rotation_deg": 4.276630682946757, "add_m": 0.00499543880013169, "adds_m": 0.002044313770883728, "add_005": 1.0, "add_01": 1.0, "adds_005": 1.0, "adds_01": 1.0}, "signed_error_xyz_mm": [-3.754228353500366, -1.4130995273590088, 2.183377742767334], "inner_pose_max_abs": 0.0, "roundtrip_max_abs": 0.0}
{"object_id": 20, "mesh_path": "models/052_extra_large_clamp/textured_simple.obj", "stream_id": "20200813-subject-02/20200813_155633/932122061900", "frame_index": 11, "visibility": 0.9993472584856397, "moving": false, "diameter_m": 0.21709378063678741, "before": {"center_mm": 0.0, "rotation_deg": 0.0, "add_m": 0.0, "adds_m": 0.0, "add_005": 1.0, "add_01": 1.0, "adds_005": 1.0, "adds_01": 1.0}, "after": {"center_mm": 15.540483037614921, "rotation_deg": 6.416931178572708, "add_m": 0.015402917447686466, "adds_m": 0.005838598561103742, "add_005": 0.0, "add_01": 1.0, "adds_005": 1.0, "adds_01": 1.0}, "signed_error_xyz_mm": [7.8371686935424805, 1.6169697046279907, 13.321817398071289], "inner_pose_max_abs": 0.0, "roundtrip_max_abs": 0.0}
{"object_id": 21, "mesh_path": "models/061_foam_brick/textured_simple.obj", "stream_id": "20200709-subject-01/20200709_153548/932122061900", "frame_index": 39, "visibility": 1.0, "moving": false, "diameter_m": 0.10290346294641495, "before": {"center_mm": 0.0, "rotation_deg": 0.0, "add_m": 0.0, "adds_m": 0.0, "add_005": 1.0, "add_01": 1.0, "adds_005": 1.0, "adds_01": 1.0}, "after": {"center_mm": 12.90117700150481, "rotation_deg": 9.022434109825955, "add_m": 0.01327922278417645, "adds_m": 0.006828461914438218, "add_005": 0.0, "add_01": 0.0, "adds_005": 0.0, "adds_01": 1.0}, "signed_error_xyz_mm": [-0.475272536277771, 0.26848912239074707, 12.889623641967773], "inner_pose_max_abs": 0.0, "roundtrip_max_abs": 0.0}
