{"event": "waiting_upload", "utc": "2026-09-09T18:36:35Z", "archives_present": 9, "bytes_present": 100047508398}
{"event": "waiting_upload", "utc": "2026-09-09T18:37:35Z", "archives_present": 9, "bytes_present": 100397732782}
{"event": "waiting_upload", "utc": "2026-09-09T18:38:35Z", "archives_present": 9, "bytes_present": 100744025006}
{"event": "waiting_upload", "utc": "2026-09-09T18:39:35Z", "archives_present": 9, "bytes_present": 101098443694}
{"event": "waiting_upload", "utc": "2026-09-09T18:40:35Z", "archives_present": 9, "bytes_present": 101451551662}
{"event": "waiting_upload", "utc": "2026-09-09T18:41:35Z", "archives_present": 9, "bytes_present": 101806494638}
{"event": "waiting_upload", "utc": "2026-09-09T18:42:35Z", "archives_present": 9, "bytes_present": 102160651182}
{"event": "waiting_upload", "utc": "2026-09-09T18:43:35Z", "archives_present": 9, "bytes_present": 102515594158}
{"event": "waiting_upload", "utc": "2026-09-09T18:44:35Z", "archives_present": 9, "bytes_present": 102871323566}
{"event": "waiting_upload", "utc": "2026-09-09T18:45:35Z", "archives_present": 9, "bytes_present": 103226528686}
{"event": "waiting_upload", "utc": "2026-09-09T18:46:35Z", "archives_present": 9, "bytes_present": 103580685230}
{"event": "waiting_upload", "utc": "2026-09-09T18:47:35Z", "archives_present": 9, "bytes_present": 103935628206}
{"event": "waiting_upload", "utc": "2026-09-09T18:48:36Z", "archives_present": 9, "bytes_present": 104290571182}
{"event": "waiting_upload", "utc": "2026-09-09T18:49:36Z", "archives_present": 9, "bytes_present": 104640533422}
{"event": "waiting_upload", "utc": "2026-09-09T18:50:36Z", "archives_present": 9, "bytes_present": 104994689966}
{"event": "waiting_upload", "utc": "2026-09-09T18:51:36Z", "archives_present": 9, "bytes_present": 105048331182}
{"event": "waiting_upload", "utc": "2026-09-09T18:52:36Z", "archives_present": 9, "bytes_present": 105048331182}
{"event": "waiting_upload", "utc": "2026-09-09T18:53:36Z", "archives_present": 9, "bytes_present": 105148470190}
{"event": "waiting_upload", "utc": "2026-09-09T18:54:36Z", "archives_present": 9, "bytes_present": 105478771630}
{"event": "waiting_upload", "utc": "2026-09-09T18:55:36Z", "archives_present": 9, "bytes_present": 105832141742}
{"event": "waiting_upload", "utc": "2026-09-09T18:56:36Z", "archives_present": 9, "bytes_present": 106187084718}
{"event": "waiting_upload", "utc": "2026-09-09T18:57:36Z", "archives_present": 9, "bytes_present": 106538619822}
{"event": "waiting_upload", "utc": "2026-09-09T18:58:36Z", "archives_present": 9, "bytes_present": 106893562798}
{"event": "waiting_upload", "utc": "2026-09-09T18:59:36Z", "archives_present": 9, "bytes_present": 107246146478}
{"event": "waiting_upload", "utc": "2026-09-09T19:00:36Z", "archives_present": 9, "bytes_present": 107601089454}
{"event": "waiting_upload", "utc": "2026-09-09T19:01:36Z", "archives_present": 9, "bytes_present": 107955245998}
{"event": "waiting_upload", "utc": "2026-09-09T19:02:36Z", "archives_present": 9, "bytes_present": 108308091822}
{"event": "waiting_upload", "utc": "2026-09-09T19:03:36Z", "archives_present": 9, "bytes_present": 108663296942}
{"event": "waiting_upload", "utc": "2026-09-09T19:04:36Z", "archives_present": 9, "bytes_present": 109015356334}
{"event": "waiting_upload", "utc": "2026-09-09T19:05:36Z", "archives_present": 9, "bytes_present": 109368464302}
{"event": "waiting_upload", "utc": "2026-09-09T19:06:36Z", "archives_present": 9, "bytes_present": 109723669422}
{"event": "waiting_upload", "utc": "2026-09-09T19:07:36Z", "archives_present": 9, "bytes_present": 110076777390}
{"event": "waiting_upload", "utc": "2026-09-09T19:08:36Z", "archives_present": 9, "bytes_present": 110430671790}
{"event": "waiting_upload", "utc": "2026-09-09T19:09:36Z", "archives_present": 9, "bytes_present": 110784828334}
{"event": "waiting_upload", "utc": "2026-09-09T19:10:36Z", "archives_present": 9, "bytes_present": 111140557742}
{"event": "waiting_upload", "utc": "2026-09-09T19:11:36Z", "archives_present": 10, "bytes_present": 111492431826}
{"event": "waiting_upload", "utc": "2026-09-09T19:12:36Z", "archives_present": 10, "bytes_present": 111846404050}
{"event": "waiting_upload", "utc": "2026-09-09T19:13:36Z", "archives_present": 10, "bytes_present": 112198725586}
{"event": "waiting_upload", "utc": "2026-09-09T19:14:36Z", "archives_present": 10, "bytes_present": 112553930706}
{"event": "waiting_upload", "utc": "2026-09-09T19:15:36Z", "archives_present": 10, "bytes_present": 112907300818}
{"event": "waiting_upload", "utc": "2026-09-09T19:16:36Z", "archives_present": 10, "bytes_present": 113260933074}
{"event": "waiting_upload", "utc": "2026-09-09T19:17:36Z", "archives_present": 10, "bytes_present": 113615089618}
{"event": "waiting_upload", "utc": "2026-09-09T19:18:36Z", "archives_present": 10, "bytes_present": 113969770450}
{"event": "waiting_upload", "utc": "2026-09-09T19:19:36Z", "archives_present": 11, "bytes_present": 114268568639}
{"event": "waiting_upload", "utc": "2026-09-09T19:20:36Z", "archives_present": 11, "bytes_present": 114544081983}
{"event": "waiting_upload", "utc": "2026-09-09T19:21:37Z", "archives_present": 11, "bytes_present": 114820906047}
{"event": "waiting_upload", "utc": "2026-09-09T19:22:37Z", "archives_present": 11, "bytes_present": 115097992255}
{"event": "waiting_upload", "utc": "2026-09-09T19:23:37Z", "archives_present": 11, "bytes_present": 115374816319}
{"event": "waiting_upload", "utc": "2026-09-09T19:24:37Z", "archives_present": 11, "bytes_present": 115651902527}
{"event": "waiting_upload", "utc": "2026-09-09T19:25:37Z", "archives_present": 11, "bytes_present": 115928464447}
{"event": "waiting_upload", "utc": "2026-09-09T19:26:37Z", "archives_present": 11, "bytes_present": 116205288511}
{"event": "waiting_upload", "utc": "2026-09-09T19:27:37Z", "archives_present": 11, "bytes_present": 116481850431}
{"event": "waiting_upload", "utc": "2026-09-09T19:28:37Z", "archives_present": 11, "bytes_present": 116758150207}
{"event": "waiting_upload", "utc": "2026-09-09T19:29:37Z", "archives_present": 11, "bytes_present": 117034974271}
{"event": "waiting_upload", "utc": "2026-09-09T19:30:37Z", "archives_present": 11, "bytes_present": 117311798335}
{"event": "waiting_upload", "utc": "2026-09-09T19:31:37Z", "archives_present": 11, "bytes_present": 117589146687}
{"event": "waiting_upload", "utc": "2026-09-09T19:32:37Z", "archives_present": 12, "bytes_present": 126336776616}
{"event": "waiting_upload", "utc": "2026-09-09T19:33:37Z", "archives_present": 12, "bytes_present": 126336776616}
{"event": "waiting_upload", "utc": "2026-09-09T19:34:37Z", "archives_present": 12, "bytes_present": 126463654312}
{"event": "waiting_upload", "utc": "2026-09-09T19:35:42Z", "archives_present": 12, "bytes_present": 126613862824}
{"event": "waiting_upload", "utc": "2026-09-09T19:36:42Z", "archives_present": 12, "bytes_present": 126752537000}
{"event": "waiting_upload", "utc": "2026-09-09T19:37:42Z", "archives_present": 12, "bytes_present": 126891211176}
{"event": "waiting_upload", "utc": "2026-09-09T19:38:42Z", "archives_present": 12, "bytes_present": 127029623208}
{"event": "waiting_upload", "utc": "2026-09-09T19:39:42Z", "archives_present": 12, "bytes_present": 127168297384}
{"event": "waiting_upload", "utc": "2026-09-09T19:40:42Z", "archives_present": 12, "bytes_present": 127306971560}
{"event": "waiting_upload", "utc": "2026-09-09T19:41:42Z", "archives_present": 12, "bytes_present": 127443810728}
{"event": "waiting_upload", "utc": "2026-09-09T19:42:42Z", "archives_present": 12, "bytes_present": 127569639848}
{"event": "upload_verified", "utc": "2026-09-09T19:43:42Z", "files": 13}
{"event": "stage_start", "utc": "2026-09-09T19:43:43Z", "stage": "extract", "command": ["/mnt/why/dexycb_lip/.venv/bin/python", "tools/prepare_available.py", "--manifest", "/mnt/why/dexycb_lip/runs/full_train_after_upload_20260910/training_archives.json", "--out", "/mnt/why/dexycb_lip/cache/raw_full_20260910"]}
{"event": "stage_complete", "utc": "2026-09-09T19:49:04Z", "stage": "extract", "elapsed_seconds": 320.4809201700846}
{"event": "stage_start", "utc": "2026-09-09T19:49:04Z", "stage": "audit", "command": ["/mnt/why/dexycb_lip/.venv/bin/python", "tools/audit_data.py", "--data-root", "/mnt/why/dexycb_lip/cache/raw_full_20260910", "--out", "runs/audit"]}
{"event": "stage_complete", "utc": "2026-09-09T19:49:14Z", "stage": "audit", "elapsed_seconds": 10.021815928979777}
{"event": "stage_start", "utc": "2026-09-09T19:49:14Z", "stage": "index", "command": ["/mnt/why/dexycb_lip/.venv/bin/python", "tools/build_index.py", "--data-root", "/mnt/why/dexycb_lip/cache/raw_full_20260910", "--setup", "s0", "--out", "cache/dexycb_s0"]}
{"event": "stage_complete", "utc": "2026-09-09T20:02:00Z", "stage": "index", "elapsed_seconds": 766.3816284369677}
{"event": "stage_start", "utc": "2026-09-09T20:02:00Z", "stage": "geometry", "command": ["/mnt/why/dexycb_lip/.venv/bin/python", "tools/check_geometry.py", "--data-root", "/mnt/why/dexycb_lip/cache/raw_full_20260910", "--index", "cache/dexycb_s0", "--num-samples", "32", "--out", "runs/geometry"]}
{"event": "stage_complete", "utc": "2026-09-09T20:02:10Z", "stage": "geometry", "elapsed_seconds": 10.019729769905098}
{"event": "stage_start", "utc": "2026-09-09T20:02:10Z", "stage": "sampling", "command": ["/mnt/why/dexycb_lip/.venv/bin/python", "-m", "torch.distributed.run", "--standalone", "--nnodes=1", "--nproc_per_node=8", "tools/build_sampling.py", "--data-root", "/mnt/why/dexycb_lip/cache/raw_full_20260910", "--index", "cache/dexycb_s0", "--length", "8"]}
{"event": "stage_complete", "utc": "2026-09-09T20:05:16Z", "stage": "sampling", "elapsed_seconds": 185.3548202959355}
{"event": "stage_start", "utc": "2026-09-09T20:05:16Z", "stage": "merge_sampling", "command": ["/mnt/why/dexycb_lip/.venv/bin/python", "tools/merge_sampling.py", "--index", "cache/dexycb_s0", "--world", "8"]}
{"event": "stage_complete", "utc": "2026-09-09T20:05:36Z", "stage": "merge_sampling", "elapsed_seconds": 20.042693589930423}
{"event": "stage_start", "utc": "2026-09-09T20:05:36Z", "stage": "pytest", "command": ["/mnt/why/dexycb_lip/.venv/bin/python", "-m", "pytest", "-q"]}
{"event": "stage_complete", "utc": "2026-09-09T20:05:51Z", "stage": "pytest", "elapsed_seconds": 15.039171010954306}
{"event": "stage_start", "utc": "2026-09-09T20:05:51Z", "stage": "overfit32", "command": ["/mnt/why/dexycb_lip/.venv/bin/python", "tools/overfit_small.py", "--config", "configs/dexycb_lip_v1.yaml", "--num-clips", "32", "--steps", "500"]}
{"event": "stage_complete", "utc": "2026-09-09T20:06:51Z", "stage": "overfit32", "elapsed_seconds": 60.103613335988484}
{"event": "stage_start", "utc": "2026-09-09T20:06:51Z", "stage": "probe", "command": ["/mnt/why/dexycb_lip/.venv/bin/python", "tools/probe_batch.py", "--config", "configs/dexycb_lip_v1.yaml", "--out", "configs/resolved_8gpu.yaml"]}
{"event": "stage_complete", "utc": "2026-09-09T20:07:21Z", "stage": "probe", "elapsed_seconds": 30.05427146900911}
{"event": "stage_start", "utc": "2026-09-09T20:07:21Z", "stage": "ddp_smoke_resume", "command": ["bash", "scripts/smoke_8gpu.sh"]}
{"event": "stage_complete", "utc": "2026-09-09T20:11:56Z", "stage": "ddp_smoke_resume", "elapsed_seconds": 275.51029858295806}
{"event": "stage_start", "utc": "2026-09-09T20:11:56Z", "stage": "approve_full_preflight", "command": ["/mnt/why/dexycb_lip/.venv/bin/python", "tools/verify_preflight.py", "--config", "configs/resolved_8gpu.yaml", "--approve"]}
{"event": "stage_complete", "utc": "2026-09-09T20:12:01Z", "stage": "approve_full_preflight", "elapsed_seconds": 5.010526659083553}
{"event": "stage_start", "utc": "2026-09-09T20:12:02Z", "stage": "train_40000", "command": ["bash", "scripts/train_8gpu.sh"]}
